running egg_info
creating ../../build/nav2_wfd/nav2_wfd.egg-info
writing ../../build/nav2_wfd/nav2_wfd.egg-info/PKG-INFO
writing dependency_links to ../../build/nav2_wfd/nav2_wfd.egg-info/dependency_links.txt
writing entry points to ../../build/nav2_wfd/nav2_wfd.egg-info/entry_points.txt
writing requirements to ../../build/nav2_wfd/nav2_wfd.egg-info/requires.txt
writing top-level names to ../../build/nav2_wfd/nav2_wfd.egg-info/top_level.txt
writing manifest file '../../build/nav2_wfd/nav2_wfd.egg-info/SOURCES.txt'
reading manifest file '../../build/nav2_wfd/nav2_wfd.egg-info/SOURCES.txt'
adding license file 'LICENSE'
writing manifest file '../../build/nav2_wfd/nav2_wfd.egg-info/SOURCES.txt'
running build
running build_py
creating /home/frankie/ros2_ws/build/nav2_wfd/build
creating /home/frankie/ros2_ws/build/nav2_wfd/build/lib
creating /home/frankie/ros2_ws/build/nav2_wfd/build/lib/nav2_wfd
copying nav2_wfd/wavefront_frontier.py -> /home/frankie/ros2_ws/build/nav2_wfd/build/lib/nav2_wfd
copying nav2_wfd/__init__.py -> /home/frankie/ros2_ws/build/nav2_wfd/build/lib/nav2_wfd
running install
running install_lib
creating /home/frankie/ros2_ws/install/nav2_wfd/lib/python3.10/site-packages/nav2_wfd
copying /home/frankie/ros2_ws/build/nav2_wfd/build/lib/nav2_wfd/wavefront_frontier.py -> /home/frankie/ros2_ws/install/nav2_wfd/lib/python3.10/site-packages/nav2_wfd
copying /home/frankie/ros2_ws/build/nav2_wfd/build/lib/nav2_wfd/__init__.py -> /home/frankie/ros2_ws/install/nav2_wfd/lib/python3.10/site-packages/nav2_wfd
byte-compiling /home/frankie/ros2_ws/install/nav2_wfd/lib/python3.10/site-packages/nav2_wfd/wavefront_frontier.py to wavefront_frontier.cpython-310.pyc
byte-compiling /home/frankie/ros2_ws/install/nav2_wfd/lib/python3.10/site-packages/nav2_wfd/__init__.py to __init__.cpython-310.pyc
running install_data
creating /home/frankie/ros2_ws/install/nav2_wfd/share/ament_index
creating /home/frankie/ros2_ws/install/nav2_wfd/share/ament_index/resource_index
creating /home/frankie/ros2_ws/install/nav2_wfd/share/ament_index/resource_index/packages
copying resource/nav2_wfd -> /home/frankie/ros2_ws/install/nav2_wfd/share/ament_index/resource_index/packages
copying package.xml -> /home/frankie/ros2_ws/install/nav2_wfd/share/nav2_wfd
running install_egg_info
Copying ../../build/nav2_wfd/nav2_wfd.egg-info to /home/frankie/ros2_ws/install/nav2_wfd/lib/python3.10/site-packages/nav2_wfd-0.0.0-py3.10.egg-info
running install_scripts
Installing explore script to /home/frankie/ros2_ws/install/nav2_wfd/lib/nav2_wfd
writing list of installed files to '/home/frankie/ros2_ws/build/nav2_wfd/install.log'
