[0.717s] Invoking command in '/home/frankie/ros2_ws/src/nav2_wavefront_frontier_exploration': PYTHONPATH=/home/frankie/ros2_ws/build/nav2_wfd/prefix_override:/usr/lib/python3/dist-packages/colcon_core/task/python/colcon_distutils_commands:/home/frankie/ros2_ws/install/nav2_wfd/lib/python3.10/site-packages:${PYTHONPATH} /usr/bin/python3 -W ignore:setup.py install is deprecated -W ignore:easy_install command is deprecated setup.py egg_info --egg-base ../../build/nav2_wfd build --build-base /home/frankie/ros2_ws/build/nav2_wfd/build install --record /home/frankie/ros2_ws/build/nav2_wfd/install.log --install-scripts $base/lib/nav2_wfd --single-version-externally-managed install_data
[0.869s] /usr/lib/python3/dist-packages/setuptools/dist.py:723: UserWarning: Usage of dash-separated 'script-dir' will not be supported in future versions. Please use the underscore name 'script_dir' instead
[0.869s]   warnings.warn(
[0.875s] running egg_info
[0.875s] creating ../../build/nav2_wfd/nav2_wfd.egg-info
[0.875s] writing ../../build/nav2_wfd/nav2_wfd.egg-info/PKG-INFO
[0.875s] writing dependency_links to ../../build/nav2_wfd/nav2_wfd.egg-info/dependency_links.txt
[0.875s] writing entry points to ../../build/nav2_wfd/nav2_wfd.egg-info/entry_points.txt
[0.875s] writing requirements to ../../build/nav2_wfd/nav2_wfd.egg-info/requires.txt
[0.876s] writing top-level names to ../../build/nav2_wfd/nav2_wfd.egg-info/top_level.txt
[0.876s] writing manifest file '../../build/nav2_wfd/nav2_wfd.egg-info/SOURCES.txt'
[0.877s] reading manifest file '../../build/nav2_wfd/nav2_wfd.egg-info/SOURCES.txt'
[0.877s] adding license file 'LICENSE'
[0.877s] writing manifest file '../../build/nav2_wfd/nav2_wfd.egg-info/SOURCES.txt'
[0.877s] running build
[0.877s] running build_py
[0.877s] creating /home/frankie/ros2_ws/build/nav2_wfd/build
[0.877s] creating /home/frankie/ros2_ws/build/nav2_wfd/build/lib
[0.878s] creating /home/frankie/ros2_ws/build/nav2_wfd/build/lib/nav2_wfd
[0.878s] copying nav2_wfd/wavefront_frontier.py -> /home/frankie/ros2_ws/build/nav2_wfd/build/lib/nav2_wfd
[0.878s] copying nav2_wfd/__init__.py -> /home/frankie/ros2_ws/build/nav2_wfd/build/lib/nav2_wfd
[0.878s] running install
[0.878s] running install_lib
[0.878s] creating /home/frankie/ros2_ws/install/nav2_wfd/lib/python3.10/site-packages/nav2_wfd
[0.878s] copying /home/frankie/ros2_ws/build/nav2_wfd/build/lib/nav2_wfd/wavefront_frontier.py -> /home/frankie/ros2_ws/install/nav2_wfd/lib/python3.10/site-packages/nav2_wfd
[0.879s] copying /home/frankie/ros2_ws/build/nav2_wfd/build/lib/nav2_wfd/__init__.py -> /home/frankie/ros2_ws/install/nav2_wfd/lib/python3.10/site-packages/nav2_wfd
[0.879s] byte-compiling /home/frankie/ros2_ws/install/nav2_wfd/lib/python3.10/site-packages/nav2_wfd/wavefront_frontier.py to wavefront_frontier.cpython-310.pyc
[0.882s] byte-compiling /home/frankie/ros2_ws/install/nav2_wfd/lib/python3.10/site-packages/nav2_wfd/__init__.py to __init__.cpython-310.pyc
[0.882s] running install_data
[0.882s] creating /home/frankie/ros2_ws/install/nav2_wfd/share/ament_index
[0.882s] creating /home/frankie/ros2_ws/install/nav2_wfd/share/ament_index/resource_index
[0.882s] creating /home/frankie/ros2_ws/install/nav2_wfd/share/ament_index/resource_index/packages
[0.882s] copying resource/nav2_wfd -> /home/frankie/ros2_ws/install/nav2_wfd/share/ament_index/resource_index/packages
[0.882s] copying package.xml -> /home/frankie/ros2_ws/install/nav2_wfd/share/nav2_wfd
[0.882s] running install_egg_info
[0.883s] Copying ../../build/nav2_wfd/nav2_wfd.egg-info to /home/frankie/ros2_ws/install/nav2_wfd/lib/python3.10/site-packages/nav2_wfd-0.0.0-py3.10.egg-info
[0.883s] running install_scripts
[0.899s] Installing explore script to /home/frankie/ros2_ws/install/nav2_wfd/lib/nav2_wfd
[0.899s] writing list of installed files to '/home/frankie/ros2_ws/build/nav2_wfd/install.log'
[0.922s] Invoked command in '/home/frankie/ros2_ws/src/nav2_wavefront_frontier_exploration' returned '0': PYTHONPATH=/home/frankie/ros2_ws/build/nav2_wfd/prefix_override:/usr/lib/python3/dist-packages/colcon_core/task/python/colcon_distutils_commands:/home/frankie/ros2_ws/install/nav2_wfd/lib/python3.10/site-packages:${PYTHONPATH} /usr/bin/python3 -W ignore:setup.py install is deprecated -W ignore:easy_install command is deprecated setup.py egg_info --egg-base ../../build/nav2_wfd build --build-base /home/frankie/ros2_ws/build/nav2_wfd/build install --record /home/frankie/ros2_ws/build/nav2_wfd/install.log --install-scripts $base/lib/nav2_wfd --single-version-externally-managed install_data
