[0.863s] Invoking command in '/home/frankie/ros2_ws/build/nav2_wfd': PYTHONPATH=/home/frankie/ros2_ws/build/nav2_wfd/prefix_override:/usr/lib/python3/dist-packages/colcon_core/task/python/colcon_distutils_commands:/home/frankie/ros2_ws/install/nav2_wfd/lib/python3.10/site-packages:${PYTHONPATH} /usr/bin/python3 -W ignore:setup.py install is deprecated -W ignore:easy_install command is deprecated setup.py develop --uninstall --editable --build-directory /home/frankie/ros2_ws/build/nav2_wfd/build
[1.103s] /usr/lib/python3/dist-packages/setuptools/dist.py:723: UserWarning: Usage of dash-separated 'script-dir' will not be supported in future versions. Please use the underscore name 'script_dir' instead
[1.103s]   warnings.warn(
[1.131s] running develop
[1.281s] Removing /home/frankie/ros2_ws/install/nav2_wfd/lib/python3.10/site-packages/nav2-wfd.egg-link (link to .)
[1.322s] Invoked command in '/home/frankie/ros2_ws/build/nav2_wfd' returned '0': PYTHONPATH=/home/frankie/ros2_ws/build/nav2_wfd/prefix_override:/usr/lib/python3/dist-packages/colcon_core/task/python/colcon_distutils_commands:/home/frankie/ros2_ws/install/nav2_wfd/lib/python3.10/site-packages:${PYTHONPATH} /usr/bin/python3 -W ignore:setup.py install is deprecated -W ignore:easy_install command is deprecated setup.py develop --uninstall --editable --build-directory /home/frankie/ros2_ws/build/nav2_wfd/build
[1.323s] Invoking command in '/home/frankie/ros2_ws/src/nav2_wavefront_frontier_exploration': PYTHONPATH=/home/frankie/ros2_ws/build/nav2_wfd/prefix_override:/usr/lib/python3/dist-packages/colcon_core/task/python/colcon_distutils_commands:/home/frankie/ros2_ws/install/nav2_wfd/lib/python3.10/site-packages:${PYTHONPATH} /usr/bin/python3 -W ignore:setup.py install is deprecated -W ignore:easy_install command is deprecated setup.py egg_info --egg-base ../../build/nav2_wfd build --build-base /home/frankie/ros2_ws/build/nav2_wfd/build install --record /home/frankie/ros2_ws/build/nav2_wfd/install.log --install-scripts $base/lib/nav2_wfd --single-version-externally-managed install_data --force
[1.544s] /usr/lib/python3/dist-packages/setuptools/dist.py:723: UserWarning: Usage of dash-separated 'script-dir' will not be supported in future versions. Please use the underscore name 'script_dir' instead
[1.544s]   warnings.warn(
[1.553s] running egg_info
[1.553s] writing ../../build/nav2_wfd/nav2_wfd.egg-info/PKG-INFO
[1.554s] writing dependency_links to ../../build/nav2_wfd/nav2_wfd.egg-info/dependency_links.txt
[1.554s] writing entry points to ../../build/nav2_wfd/nav2_wfd.egg-info/entry_points.txt
[1.554s] writing requirements to ../../build/nav2_wfd/nav2_wfd.egg-info/requires.txt
[1.554s] writing top-level names to ../../build/nav2_wfd/nav2_wfd.egg-info/top_level.txt
[1.557s] reading manifest file '../../build/nav2_wfd/nav2_wfd.egg-info/SOURCES.txt'
[1.557s] adding license file 'LICENSE'
[1.557s] writing manifest file '../../build/nav2_wfd/nav2_wfd.egg-info/SOURCES.txt'
[1.557s] running build
[1.557s] running build_py
[1.557s] running install
[1.558s] running install_lib
[1.559s] creating /home/frankie/ros2_ws/install/nav2_wfd/lib/python3.10/site-packages/nav2_wfd
[1.559s] copying /home/frankie/ros2_ws/build/nav2_wfd/build/lib/nav2_wfd/wavefront_frontier.py -> /home/frankie/ros2_ws/install/nav2_wfd/lib/python3.10/site-packages/nav2_wfd
[1.559s] copying /home/frankie/ros2_ws/build/nav2_wfd/build/lib/nav2_wfd/__init__.py -> /home/frankie/ros2_ws/install/nav2_wfd/lib/python3.10/site-packages/nav2_wfd
[1.560s] byte-compiling /home/frankie/ros2_ws/install/nav2_wfd/lib/python3.10/site-packages/nav2_wfd/wavefront_frontier.py to wavefront_frontier.cpython-310.pyc
[1.562s] byte-compiling /home/frankie/ros2_ws/install/nav2_wfd/lib/python3.10/site-packages/nav2_wfd/__init__.py to __init__.cpython-310.pyc
[1.563s] running install_data
[1.563s] copying resource/nav2_wfd -> /home/frankie/ros2_ws/install/nav2_wfd/share/ament_index/resource_index/packages
[1.563s] copying package.xml -> /home/frankie/ros2_ws/install/nav2_wfd/share/nav2_wfd
[1.563s] running install_egg_info
[1.565s] Copying ../../build/nav2_wfd/nav2_wfd.egg-info to /home/frankie/ros2_ws/install/nav2_wfd/lib/python3.10/site-packages/nav2_wfd-0.0.0-py3.10.egg-info
[1.565s] running install_scripts
[1.587s] Installing explore script to /home/frankie/ros2_ws/install/nav2_wfd/lib/nav2_wfd
[1.588s] writing list of installed files to '/home/frankie/ros2_ws/build/nav2_wfd/install.log'
[1.620s] Invoked command in '/home/frankie/ros2_ws/src/nav2_wavefront_frontier_exploration' returned '0': PYTHONPATH=/home/frankie/ros2_ws/build/nav2_wfd/prefix_override:/usr/lib/python3/dist-packages/colcon_core/task/python/colcon_distutils_commands:/home/frankie/ros2_ws/install/nav2_wfd/lib/python3.10/site-packages:${PYTHONPATH} /usr/bin/python3 -W ignore:setup.py install is deprecated -W ignore:easy_install command is deprecated setup.py egg_info --egg-base ../../build/nav2_wfd build --build-base /home/frankie/ros2_ws/build/nav2_wfd/build install --record /home/frankie/ros2_ws/build/nav2_wfd/install.log --install-scripts $base/lib/nav2_wfd --single-version-externally-managed install_data --force
