[1.559s] Invoking command in '/home/emily-val/growbot-workspace/src/my_custom_world': PYTHONPATH=/home/emily-val/growbot-workspace/build/my_custom_world/prefix_override:/usr/lib/python3/dist-packages/colcon_core/task/python/colcon_distutils_commands:/home/emily-val/growbot-workspace/install/my_custom_world/lib/python3.10/site-packages:${PYTHONPATH} /usr/bin/python3 -W ignore:setup.py install is deprecated -W ignore:easy_install command is deprecated setup.py egg_info --egg-base ../../build/my_custom_world build --build-base /home/emily-val/growbot-workspace/build/my_custom_world/build install --record /home/emily-val/growbot-workspace/build/my_custom_world/install.log --single-version-externally-managed install_data
[1.770s] running egg_info
[1.771s] writing ../../build/my_custom_world/my_custom_world.egg-info/PKG-INFO
[1.771s] writing dependency_links to ../../build/my_custom_world/my_custom_world.egg-info/dependency_links.txt
[1.771s] writing entry points to ../../build/my_custom_world/my_custom_world.egg-info/entry_points.txt
[1.771s] writing requirements to ../../build/my_custom_world/my_custom_world.egg-info/requires.txt
[1.772s] writing top-level names to ../../build/my_custom_world/my_custom_world.egg-info/top_level.txt
[1.773s] reading manifest file '../../build/my_custom_world/my_custom_world.egg-info/SOURCES.txt'
[1.817s] writing manifest file '../../build/my_custom_world/my_custom_world.egg-info/SOURCES.txt'
[1.817s] running build
[1.818s] running build_py
[1.818s] copying my_custom_world/__init__.py -> /home/emily-val/growbot-workspace/build/my_custom_world/build/lib/my_custom_world
[1.819s] running install
[1.819s] running install_lib
[1.820s] copying /home/emily-val/growbot-workspace/build/my_custom_world/build/lib/my_custom_world/__init__.py -> /home/emily-val/growbot-workspace/install/my_custom_world/lib/python3.10/site-packages/my_custom_world
[1.820s] byte-compiling /home/emily-val/growbot-workspace/install/my_custom_world/lib/python3.10/site-packages/my_custom_world/__init__.py to __init__.cpython-310.pyc
[1.821s] running install_data
[1.821s] copying resource/my_custom_world -> /home/emily-val/growbot-workspace/install/my_custom_world/share/ament_index/resource_index/packages
[1.822s] copying package.xml -> /home/emily-val/growbot-workspace/install/my_custom_world/share/my_custom_world
[1.822s] copying launch/custom_house.launch.py -> /home/emily-val/growbot-workspace/install/my_custom_world/share/my_custom_world/launch
[1.822s] copying worlds/my_house.world -> /home/emily-val/growbot-workspace/install/my_custom_world/share/my_custom_world/worlds
[1.822s] running install_egg_info
[1.824s] removing '/home/emily-val/growbot-workspace/install/my_custom_world/lib/python3.10/site-packages/my_custom_world-0.0.0-py3.10.egg-info' (and everything under it)
[1.825s] Copying ../../build/my_custom_world/my_custom_world.egg-info to /home/emily-val/growbot-workspace/install/my_custom_world/lib/python3.10/site-packages/my_custom_world-0.0.0-py3.10.egg-info
[1.827s] running install_scripts
[1.847s] writing list of installed files to '/home/emily-val/growbot-workspace/build/my_custom_world/install.log'
[1.885s] Invoked command in '/home/emily-val/growbot-workspace/src/my_custom_world' returned '0': PYTHONPATH=/home/emily-val/growbot-workspace/build/my_custom_world/prefix_override:/usr/lib/python3/dist-packages/colcon_core/task/python/colcon_distutils_commands:/home/emily-val/growbot-workspace/install/my_custom_world/lib/python3.10/site-packages:${PYTHONPATH} /usr/bin/python3 -W ignore:setup.py install is deprecated -W ignore:easy_install command is deprecated setup.py egg_info --egg-base ../../build/my_custom_world build --build-base /home/emily-val/growbot-workspace/build/my_custom_world/build install --record /home/emily-val/growbot-workspace/build/my_custom_world/install.log --single-version-externally-managed install_data
