[0.654s] Invoking command in '/home/frankie/ros2_ws/build/frontier_explorer': PYTHONPATH=/home/frankie/ros2_ws/build/frontier_explorer/prefix_override:/usr/lib/python3/dist-packages/colcon_core/task/python/colcon_distutils_commands:/home/frankie/ros2_ws/install/frontier_explorer/lib/python3.10/site-packages:${PYTHONPATH} /usr/bin/python3 -W ignore:setup.py install is deprecated -W ignore:easy_install command is deprecated setup.py develop --uninstall --editable --build-directory /home/frankie/ros2_ws/build/frontier_explorer/build
[0.840s] running develop
[0.955s] Removing /home/frankie/ros2_ws/install/frontier_explorer/lib/python3.10/site-packages/frontier-explorer.egg-link (link to .)
[0.983s] Invoked command in '/home/frankie/ros2_ws/build/frontier_explorer' returned '0': PYTHONPATH=/home/frankie/ros2_ws/build/frontier_explorer/prefix_override:/usr/lib/python3/dist-packages/colcon_core/task/python/colcon_distutils_commands:/home/frankie/ros2_ws/install/frontier_explorer/lib/python3.10/site-packages:${PYTHONPATH} /usr/bin/python3 -W ignore:setup.py install is deprecated -W ignore:easy_install command is deprecated setup.py develop --uninstall --editable --build-directory /home/frankie/ros2_ws/build/frontier_explorer/build
[0.985s] Invoking command in '/home/frankie/ros2_ws/src/frontier_explorer': PYTHONPATH=/home/frankie/ros2_ws/build/frontier_explorer/prefix_override:/usr/lib/python3/dist-packages/colcon_core/task/python/colcon_distutils_commands:/home/frankie/ros2_ws/install/frontier_explorer/lib/python3.10/site-packages:${PYTHONPATH} /usr/bin/python3 -W ignore:setup.py install is deprecated -W ignore:easy_install command is deprecated setup.py egg_info --egg-base ../../build/frontier_explorer build --build-base /home/frankie/ros2_ws/build/frontier_explorer/build install --record /home/frankie/ros2_ws/build/frontier_explorer/install.log --single-version-externally-managed install_data --force
[1.156s] running egg_info
[1.156s] writing ../../build/frontier_explorer/frontier_explorer.egg-info/PKG-INFO
[1.156s] writing dependency_links to ../../build/frontier_explorer/frontier_explorer.egg-info/dependency_links.txt
[1.157s] writing entry points to ../../build/frontier_explorer/frontier_explorer.egg-info/entry_points.txt
[1.157s] writing requirements to ../../build/frontier_explorer/frontier_explorer.egg-info/requires.txt
[1.157s] writing top-level names to ../../build/frontier_explorer/frontier_explorer.egg-info/top_level.txt
[1.158s] reading manifest file '../../build/frontier_explorer/frontier_explorer.egg-info/SOURCES.txt'
[1.158s] writing manifest file '../../build/frontier_explorer/frontier_explorer.egg-info/SOURCES.txt'
[1.159s] running build
[1.159s] running build_py
[1.162s] running install
[1.162s] running install_lib
[1.163s] creating /home/frankie/ros2_ws/install/frontier_explorer/lib/python3.10/site-packages/frontier_explorer
[1.163s] copying /home/frankie/ros2_ws/build/frontier_explorer/build/lib/frontier_explorer/explorer.py -> /home/frankie/ros2_ws/install/frontier_explorer/lib/python3.10/site-packages/frontier_explorer
[1.164s] copying /home/frankie/ros2_ws/build/frontier_explorer/build/lib/frontier_explorer/__init__.py -> /home/frankie/ros2_ws/install/frontier_explorer/lib/python3.10/site-packages/frontier_explorer
[1.164s] byte-compiling /home/frankie/ros2_ws/install/frontier_explorer/lib/python3.10/site-packages/frontier_explorer/explorer.py to explorer.cpython-310.pyc
[1.165s] byte-compiling /home/frankie/ros2_ws/install/frontier_explorer/lib/python3.10/site-packages/frontier_explorer/__init__.py to __init__.cpython-310.pyc
[1.165s] running install_data
[1.165s] copying resource/frontier_explorer -> /home/frankie/ros2_ws/install/frontier_explorer/share/ament_index/resource_index/packages
[1.166s] copying package.xml -> /home/frankie/ros2_ws/install/frontier_explorer/share/frontier_explorer
[1.166s] running install_egg_info
[1.168s] Copying ../../build/frontier_explorer/frontier_explorer.egg-info to /home/frankie/ros2_ws/install/frontier_explorer/lib/python3.10/site-packages/frontier_explorer-0.0.0-py3.10.egg-info
[1.169s] running install_scripts
[1.185s] Installing frontier_explorer script to /home/frankie/ros2_ws/install/frontier_explorer/lib/frontier_explorer
[1.185s] writing list of installed files to '/home/frankie/ros2_ws/build/frontier_explorer/install.log'
[1.210s] Invoked command in '/home/frankie/ros2_ws/src/frontier_explorer' returned '0': PYTHONPATH=/home/frankie/ros2_ws/build/frontier_explorer/prefix_override:/usr/lib/python3/dist-packages/colcon_core/task/python/colcon_distutils_commands:/home/frankie/ros2_ws/install/frontier_explorer/lib/python3.10/site-packages:${PYTHONPATH} /usr/bin/python3 -W ignore:setup.py install is deprecated -W ignore:easy_install command is deprecated setup.py egg_info --egg-base ../../build/frontier_explorer build --build-base /home/frankie/ros2_ws/build/frontier_explorer/build install --record /home/frankie/ros2_ws/build/frontier_explorer/install.log --single-version-externally-managed install_data --force
