[1.184s] Invoking command in '/home/frankie/growbot-workspace/src/plant_detection': PYTHONPATH=/home/frankie/growbot-workspace/build/plant_detection/prefix_override:/usr/lib/python3/dist-packages/colcon_core/task/python/colcon_distutils_commands:/home/frankie/growbot-workspace/install/plant_detection/lib/python3.10/site-packages:${PYTHONPATH} /usr/bin/python3 -W ignore:setup.py install is deprecated -W ignore:easy_install command is deprecated setup.py egg_info --egg-base ../../build/plant_detection build --build-base /home/frankie/growbot-workspace/build/plant_detection/build install --record /home/frankie/growbot-workspace/build/plant_detection/install.log --single-version-externally-managed install_data
[1.490s] running egg_info
[1.491s] writing ../../build/plant_detection/plant_detection.egg-info/PKG-INFO
[1.491s] writing dependency_links to ../../build/plant_detection/plant_detection.egg-info/dependency_links.txt
[1.491s] writing entry points to ../../build/plant_detection/plant_detection.egg-info/entry_points.txt
[1.491s] writing requirements to ../../build/plant_detection/plant_detection.egg-info/requires.txt
[1.491s] writing top-level names to ../../build/plant_detection/plant_detection.egg-info/top_level.txt
[1.494s] reading manifest file '../../build/plant_detection/plant_detection.egg-info/SOURCES.txt'
[1.495s] writing manifest file '../../build/plant_detection/plant_detection.egg-info/SOURCES.txt'
[1.495s] running build
[1.495s] running build_py
[1.495s] running install
[1.496s] running install_lib
[1.497s] running install_data
[1.499s] running install_egg_info
[1.501s] removing '/home/frankie/growbot-workspace/install/plant_detection/lib/python3.10/site-packages/plant_detection-0.0.0-py3.10.egg-info' (and everything under it)
[1.502s] Copying ../../build/plant_detection/plant_detection.egg-info to /home/frankie/growbot-workspace/install/plant_detection/lib/python3.10/site-packages/plant_detection-0.0.0-py3.10.egg-info
[1.503s] running install_scripts
[1.528s] Installing detector script to /home/frankie/growbot-workspace/install/plant_detection/lib/plant_detection
[1.528s] writing list of installed files to '/home/frankie/growbot-workspace/build/plant_detection/install.log'
[1.567s] Invoked command in '/home/frankie/growbot-workspace/src/plant_detection' returned '0': PYTHONPATH=/home/frankie/growbot-workspace/build/plant_detection/prefix_override:/usr/lib/python3/dist-packages/colcon_core/task/python/colcon_distutils_commands:/home/frankie/growbot-workspace/install/plant_detection/lib/python3.10/site-packages:${PYTHONPATH} /usr/bin/python3 -W ignore:setup.py install is deprecated -W ignore:easy_install command is deprecated setup.py egg_info --egg-base ../../build/plant_detection build --build-base /home/frankie/growbot-workspace/build/plant_detection/build install --record /home/frankie/growbot-workspace/build/plant_detection/install.log --single-version-externally-managed install_data
