[0.560s] Invoking command in '/home/frankie/ros2_ws/src/growbot_bringup': PYTHONPATH=/home/frankie/ros2_ws/build/growbot_bringup/prefix_override:/usr/lib/python3/dist-packages/colcon_core/task/python/colcon_distutils_commands:/home/frankie/ros2_ws/install/growbot_bringup/lib/python3.10/site-packages:${PYTHONPATH} /usr/bin/python3 -W ignore:setup.py install is deprecated -W ignore:easy_install command is deprecated setup.py egg_info --egg-base ../../build/growbot_bringup build --build-base /home/frankie/ros2_ws/build/growbot_bringup/build install --record /home/frankie/ros2_ws/build/growbot_bringup/install.log --single-version-externally-managed install_data
[0.760s] running egg_info
[0.761s] writing ../../build/growbot_bringup/growbot_bringup.egg-info/PKG-INFO
[0.761s] writing dependency_links to ../../build/growbot_bringup/growbot_bringup.egg-info/dependency_links.txt
[0.761s] writing entry points to ../../build/growbot_bringup/growbot_bringup.egg-info/entry_points.txt
[0.761s] writing requirements to ../../build/growbot_bringup/growbot_bringup.egg-info/requires.txt
[0.761s] writing top-level names to ../../build/growbot_bringup/growbot_bringup.egg-info/top_level.txt
[0.762s] reading manifest file '../../build/growbot_bringup/growbot_bringup.egg-info/SOURCES.txt'
[0.763s] writing manifest file '../../build/growbot_bringup/growbot_bringup.egg-info/SOURCES.txt'
[0.763s] running build
[0.763s] running build_py
[0.763s] running install
[0.764s] running install_lib
[0.765s] running install_data
[0.765s] running install_egg_info
[0.768s] removing '/home/frankie/ros2_ws/install/growbot_bringup/lib/python3.10/site-packages/growbot_bringup-0.0.0-py3.10.egg-info' (and everything under it)
[0.768s] Copying ../../build/growbot_bringup/growbot_bringup.egg-info to /home/frankie/ros2_ws/install/growbot_bringup/lib/python3.10/site-packages/growbot_bringup-0.0.0-py3.10.egg-info
[0.768s] running install_scripts
[0.787s] Installing random_explorer script to /home/frankie/ros2_ws/install/growbot_bringup/lib/growbot_bringup
[0.787s] writing list of installed files to '/home/frankie/ros2_ws/build/growbot_bringup/install.log'
[0.816s] Invoked command in '/home/frankie/ros2_ws/src/growbot_bringup' returned '0': PYTHONPATH=/home/frankie/ros2_ws/build/growbot_bringup/prefix_override:/usr/lib/python3/dist-packages/colcon_core/task/python/colcon_distutils_commands:/home/frankie/ros2_ws/install/growbot_bringup/lib/python3.10/site-packages:${PYTHONPATH} /usr/bin/python3 -W ignore:setup.py install is deprecated -W ignore:easy_install command is deprecated setup.py egg_info --egg-base ../../build/growbot_bringup build --build-base /home/frankie/ros2_ws/build/growbot_bringup/build install --record /home/frankie/ros2_ws/build/growbot_bringup/install.log --single-version-externally-managed install_data
