running develop
Removing /home/frankie/ros2_ws/install/frontier_explorer/lib/python3.10/site-packages/frontier-explorer.egg-link (link to .)
running egg_info
writing ../../build/frontier_explorer/frontier_explorer.egg-info/PKG-INFO
writing dependency_links to ../../build/frontier_explorer/frontier_explorer.egg-info/dependency_links.txt
writing entry points to ../../build/frontier_explorer/frontier_explorer.egg-info/entry_points.txt
writing requirements to ../../build/frontier_explorer/frontier_explorer.egg-info/requires.txt
writing top-level names to ../../build/frontier_explorer/frontier_explorer.egg-info/top_level.txt
reading manifest file '../../build/frontier_explorer/frontier_explorer.egg-info/SOURCES.txt'
writing manifest file '../../build/frontier_explorer/frontier_explorer.egg-info/SOURCES.txt'
running build
running build_py
creating /home/frankie/ros2_ws/build/frontier_explorer/build
creating /home/frankie/ros2_ws/build/frontier_explorer/build/lib
creating /home/frankie/ros2_ws/build/frontier_explorer/build/lib/frontier_explorer
copying frontier_explorer/explorer.py -> /home/frankie/ros2_ws/build/frontier_explorer/build/lib/frontier_explorer
copying frontier_explorer/__init__.py -> /home/frankie/ros2_ws/build/frontier_explorer/build/lib/frontier_explorer
running install
running install_lib
creating /home/frankie/ros2_ws/install/frontier_explorer/lib/python3.10/site-packages/frontier_explorer
copying /home/frankie/ros2_ws/build/frontier_explorer/build/lib/frontier_explorer/explorer.py -> /home/frankie/ros2_ws/install/frontier_explorer/lib/python3.10/site-packages/frontier_explorer
copying /home/frankie/ros2_ws/build/frontier_explorer/build/lib/frontier_explorer/__init__.py -> /home/frankie/ros2_ws/install/frontier_explorer/lib/python3.10/site-packages/frontier_explorer
byte-compiling /home/frankie/ros2_ws/install/frontier_explorer/lib/python3.10/site-packages/frontier_explorer/explorer.py to explorer.cpython-310.pyc
  File "/home/frankie/ros2_ws/install/frontier_explorer/lib/python3.10/site-packages/frontier_explorer/explorer.py", line 41
    				neighbors = [
    				            ^
SyntaxError: '[' was never closed

byte-compiling /home/frankie/ros2_ws/install/frontier_explorer/lib/python3.10/site-packages/frontier_explorer/__init__.py to __init__.cpython-310.pyc
running install_data
copying resource/frontier_explorer -> /home/frankie/ros2_ws/install/frontier_explorer/share/ament_index/resource_index/packages
copying package.xml -> /home/frankie/ros2_ws/install/frontier_explorer/share/frontier_explorer
running install_egg_info
Copying ../../build/frontier_explorer/frontier_explorer.egg-info to /home/frankie/ros2_ws/install/frontier_explorer/lib/python3.10/site-packages/frontier_explorer-0.0.0-py3.10.egg-info
running install_scripts
Installing frontier_explorer script to /home/frankie/ros2_ws/install/frontier_explorer/lib/frontier_explorer
writing list of installed files to '/home/frankie/ros2_ws/build/frontier_explorer/install.log'
