[0.797s] Invoking command in '/home/frankie/ros2_ws/build/frontier_explorer': PYTHONPATH=/home/frankie/ros2_ws/build/frontier_explorer/prefix_override:/usr/lib/python3/dist-packages/colcon_core/task/python/colcon_distutils_commands:/home/frankie/ros2_ws/install/frontier_explorer/lib/python3.10/site-packages:${PYTHONPATH} /usr/bin/python3 -W ignore:setup.py install is deprecated -W ignore:easy_install command is deprecated setup.py develop --uninstall --editable --build-directory /home/frankie/ros2_ws/build/frontier_explorer/build
[1.009s] running develop
[1.145s] Removing /home/frankie/ros2_ws/install/frontier_explorer/lib/python3.10/site-packages/frontier-explorer.egg-link (link to .)
[1.181s] Invoked command in '/home/frankie/ros2_ws/build/frontier_explorer' returned '0': PYTHONPATH=/home/frankie/ros2_ws/build/frontier_explorer/prefix_override:/usr/lib/python3/dist-packages/colcon_core/task/python/colcon_distutils_commands:/home/frankie/ros2_ws/install/frontier_explorer/lib/python3.10/site-packages:${PYTHONPATH} /usr/bin/python3 -W ignore:setup.py install is deprecated -W ignore:easy_install command is deprecated setup.py develop --uninstall --editable --build-directory /home/frankie/ros2_ws/build/frontier_explorer/build
[1.183s] Invoking command in '/home/frankie/ros2_ws/src/frontier_explorer': PYTHONPATH=/home/frankie/ros2_ws/build/frontier_explorer/prefix_override:/usr/lib/python3/dist-packages/colcon_core/task/python/colcon_distutils_commands:/home/frankie/ros2_ws/install/frontier_explorer/lib/python3.10/site-packages:${PYTHONPATH} /usr/bin/python3 -W ignore:setup.py install is deprecated -W ignore:easy_install command is deprecated setup.py egg_info --egg-base ../../build/frontier_explorer build --build-base /home/frankie/ros2_ws/build/frontier_explorer/build install --record /home/frankie/ros2_ws/build/frontier_explorer/install.log --single-version-externally-managed install_data --force
[1.384s] running egg_info
[1.385s] writing ../../build/frontier_explorer/frontier_explorer.egg-info/PKG-INFO
[1.385s] writing dependency_links to ../../build/frontier_explorer/frontier_explorer.egg-info/dependency_links.txt
[1.385s] writing entry points to ../../build/frontier_explorer/frontier_explorer.egg-info/entry_points.txt
[1.385s] writing requirements to ../../build/frontier_explorer/frontier_explorer.egg-info/requires.txt
[1.385s] writing top-level names to ../../build/frontier_explorer/frontier_explorer.egg-info/top_level.txt
[1.386s] reading manifest file '../../build/frontier_explorer/frontier_explorer.egg-info/SOURCES.txt'
[1.387s] writing manifest file '../../build/frontier_explorer/frontier_explorer.egg-info/SOURCES.txt'
[1.387s] running build
[1.387s] running build_py
[1.387s] creating /home/frankie/ros2_ws/build/frontier_explorer/build
[1.387s] creating /home/frankie/ros2_ws/build/frontier_explorer/build/lib
[1.387s] creating /home/frankie/ros2_ws/build/frontier_explorer/build/lib/frontier_explorer
[1.387s] copying frontier_explorer/explorer.py -> /home/frankie/ros2_ws/build/frontier_explorer/build/lib/frontier_explorer
[1.387s] copying frontier_explorer/__init__.py -> /home/frankie/ros2_ws/build/frontier_explorer/build/lib/frontier_explorer
[1.387s] running install
[1.388s] running install_lib
[1.389s] creating /home/frankie/ros2_ws/install/frontier_explorer/lib/python3.10/site-packages/frontier_explorer
[1.389s] copying /home/frankie/ros2_ws/build/frontier_explorer/build/lib/frontier_explorer/explorer.py -> /home/frankie/ros2_ws/install/frontier_explorer/lib/python3.10/site-packages/frontier_explorer
[1.389s] copying /home/frankie/ros2_ws/build/frontier_explorer/build/lib/frontier_explorer/__init__.py -> /home/frankie/ros2_ws/install/frontier_explorer/lib/python3.10/site-packages/frontier_explorer
[1.389s] byte-compiling /home/frankie/ros2_ws/install/frontier_explorer/lib/python3.10/site-packages/frontier_explorer/explorer.py to explorer.cpython-310.pyc
[1.390s]   File "/home/frankie/ros2_ws/install/frontier_explorer/lib/python3.10/site-packages/frontier_explorer/explorer.py", line 41
[1.390s]     				neighbors = [
[1.390s]     				            ^
[1.390s] SyntaxError: '[' was never closed
[1.390s] 
[1.390s] byte-compiling /home/frankie/ros2_ws/install/frontier_explorer/lib/python3.10/site-packages/frontier_explorer/__init__.py to __init__.cpython-310.pyc
[1.390s] running install_data
[1.390s] copying resource/frontier_explorer -> /home/frankie/ros2_ws/install/frontier_explorer/share/ament_index/resource_index/packages
[1.390s] copying package.xml -> /home/frankie/ros2_ws/install/frontier_explorer/share/frontier_explorer
[1.390s] running install_egg_info
[1.394s] Copying ../../build/frontier_explorer/frontier_explorer.egg-info to /home/frankie/ros2_ws/install/frontier_explorer/lib/python3.10/site-packages/frontier_explorer-0.0.0-py3.10.egg-info
[1.394s] running install_scripts
[1.414s] Installing frontier_explorer script to /home/frankie/ros2_ws/install/frontier_explorer/lib/frontier_explorer
[1.414s] writing list of installed files to '/home/frankie/ros2_ws/build/frontier_explorer/install.log'
[1.449s] Invoked command in '/home/frankie/ros2_ws/src/frontier_explorer' returned '0': PYTHONPATH=/home/frankie/ros2_ws/build/frontier_explorer/prefix_override:/usr/lib/python3/dist-packages/colcon_core/task/python/colcon_distutils_commands:/home/frankie/ros2_ws/install/frontier_explorer/lib/python3.10/site-packages:${PYTHONPATH} /usr/bin/python3 -W ignore:setup.py install is deprecated -W ignore:easy_install command is deprecated setup.py egg_info --egg-base ../../build/frontier_explorer build --build-base /home/frankie/ros2_ws/build/frontier_explorer/build install --record /home/frankie/ros2_ws/build/frontier_explorer/install.log --single-version-externally-managed install_data --force
