[1.855s] Invoking command in '/home/frankie/ros2_ws/src/my_custom_world': PYTHONPATH=/home/frankie/ros2_ws/build/my_custom_world/prefix_override:/usr/lib/python3/dist-packages/colcon_core/task/python/colcon_distutils_commands:/home/frankie/ros2_ws/install/my_custom_world/lib/python3.10/site-packages:${PYTHONPATH} /usr/bin/python3 -W ignore:setup.py install is deprecated -W ignore:easy_install command is deprecated setup.py egg_info --egg-base ../../build/my_custom_world build --build-base /home/frankie/ros2_ws/build/my_custom_world/build install --record /home/frankie/ros2_ws/build/my_custom_world/install.log --single-version-externally-managed install_data
[2.250s] running egg_info
[2.252s] writing ../../build/my_custom_world/my_custom_world.egg-info/PKG-INFO
[2.254s] writing dependency_links to ../../build/my_custom_world/my_custom_world.egg-info/dependency_links.txt
[2.254s] writing entry points to ../../build/my_custom_world/my_custom_world.egg-info/entry_points.txt
[2.254s] writing requirements to ../../build/my_custom_world/my_custom_world.egg-info/requires.txt
[2.254s] writing top-level names to ../../build/my_custom_world/my_custom_world.egg-info/top_level.txt
[2.257s] reading manifest file '../../build/my_custom_world/my_custom_world.egg-info/SOURCES.txt'
[2.259s] writing manifest file '../../build/my_custom_world/my_custom_world.egg-info/SOURCES.txt'
[2.259s] running build
[2.259s] running build_py
[2.259s] running install
[2.260s] running install_lib
[2.264s] running install_data
[2.264s] running install_egg_info
[2.267s] removing '/home/frankie/ros2_ws/install/my_custom_world/lib/python3.10/site-packages/my_custom_world-0.0.0-py3.10.egg-info' (and everything under it)
[2.268s] Copying ../../build/my_custom_world/my_custom_world.egg-info to /home/frankie/ros2_ws/install/my_custom_world/lib/python3.10/site-packages/my_custom_world-0.0.0-py3.10.egg-info
[2.270s] running install_scripts
[2.310s] writing list of installed files to '/home/frankie/ros2_ws/build/my_custom_world/install.log'
[2.361s] Invoked command in '/home/frankie/ros2_ws/src/my_custom_world' returned '0': PYTHONPATH=/home/frankie/ros2_ws/build/my_custom_world/prefix_override:/usr/lib/python3/dist-packages/colcon_core/task/python/colcon_distutils_commands:/home/frankie/ros2_ws/install/my_custom_world/lib/python3.10/site-packages:${PYTHONPATH} /usr/bin/python3 -W ignore:setup.py install is deprecated -W ignore:easy_install command is deprecated setup.py egg_info --egg-base ../../build/my_custom_world build --build-base /home/frankie/ros2_ws/build/my_custom_world/build install --record /home/frankie/ros2_ws/build/my_custom_world/install.log --single-version-externally-managed install_data
