[0.646s] Invoking command in '/home/frankie/ros2_ws/src/growbot_bringup': PYTHONPATH=/home/frankie/ros2_ws/build/growbot_bringup/prefix_override:/usr/lib/python3/dist-packages/colcon_core/task/python/colcon_distutils_commands:/home/frankie/ros2_ws/install/growbot_bringup/lib/python3.10/site-packages:${PYTHONPATH} /usr/bin/python3 -W ignore:setup.py install is deprecated -W ignore:easy_install command is deprecated setup.py egg_info --egg-base ../../build/growbot_bringup build --build-base /home/frankie/ros2_ws/build/growbot_bringup/build install --record /home/frankie/ros2_ws/build/growbot_bringup/install.log --single-version-externally-managed install_data
[0.884s] running egg_info
[0.885s] writing ../../build/growbot_bringup/growbot_bringup.egg-info/PKG-INFO
[0.885s] writing dependency_links to ../../build/growbot_bringup/growbot_bringup.egg-info/dependency_links.txt
[0.886s] writing entry points to ../../build/growbot_bringup/growbot_bringup.egg-info/entry_points.txt
[0.886s] writing requirements to ../../build/growbot_bringup/growbot_bringup.egg-info/requires.txt
[0.886s] writing top-level names to ../../build/growbot_bringup/growbot_bringup.egg-info/top_level.txt
[0.888s] reading manifest file '../../build/growbot_bringup/growbot_bringup.egg-info/SOURCES.txt'
[0.889s] writing manifest file '../../build/growbot_bringup/growbot_bringup.egg-info/SOURCES.txt'
[0.889s] running build
[0.889s] running build_py
[0.889s] copying growbot_bringup/random_explorer.py -> /home/frankie/ros2_ws/build/growbot_bringup/build/lib/growbot_bringup
[0.889s] running install
[0.890s] running install_lib
[0.891s] copying /home/frankie/ros2_ws/build/growbot_bringup/build/lib/growbot_bringup/random_explorer.py -> /home/frankie/ros2_ws/install/growbot_bringup/lib/python3.10/site-packages/growbot_bringup
[0.891s] byte-compiling /home/frankie/ros2_ws/install/growbot_bringup/lib/python3.10/site-packages/growbot_bringup/random_explorer.py to random_explorer.cpython-310.pyc
[0.892s] running install_data
[0.892s] running install_egg_info
[0.894s] removing '/home/frankie/ros2_ws/install/growbot_bringup/lib/python3.10/site-packages/growbot_bringup-0.0.0-py3.10.egg-info' (and everything under it)
[0.895s] Copying ../../build/growbot_bringup/growbot_bringup.egg-info to /home/frankie/ros2_ws/install/growbot_bringup/lib/python3.10/site-packages/growbot_bringup-0.0.0-py3.10.egg-info
[0.895s] running install_scripts
[0.915s] Installing random_explorer script to /home/frankie/ros2_ws/install/growbot_bringup/lib/growbot_bringup
[0.915s] writing list of installed files to '/home/frankie/ros2_ws/build/growbot_bringup/install.log'
[0.942s] Invoked command in '/home/frankie/ros2_ws/src/growbot_bringup' returned '0': PYTHONPATH=/home/frankie/ros2_ws/build/growbot_bringup/prefix_override:/usr/lib/python3/dist-packages/colcon_core/task/python/colcon_distutils_commands:/home/frankie/ros2_ws/install/growbot_bringup/lib/python3.10/site-packages:${PYTHONPATH} /usr/bin/python3 -W ignore:setup.py install is deprecated -W ignore:easy_install command is deprecated setup.py egg_info --egg-base ../../build/growbot_bringup build --build-base /home/frankie/ros2_ws/build/growbot_bringup/build install --record /home/frankie/ros2_ws/build/growbot_bringup/install.log --single-version-externally-managed install_data
