[1.210s] Invoking command in '/home/frankie/growbot-workspace/src/my_custom_world': PYTHONPATH=/home/frankie/growbot-workspace/build/my_custom_world/prefix_override:/usr/lib/python3/dist-packages/colcon_core/task/python/colcon_distutils_commands:/home/frankie/growbot-workspace/install/my_custom_world/lib/python3.10/site-packages:${PYTHONPATH} /usr/bin/python3 -W ignore:setup.py install is deprecated -W ignore:easy_install command is deprecated setup.py egg_info --egg-base ../../build/my_custom_world build --build-base /home/frankie/growbot-workspace/build/my_custom_world/build install --record /home/frankie/growbot-workspace/build/my_custom_world/install.log --single-version-externally-managed install_data
[1.515s] running egg_info
[1.516s] writing ../../build/my_custom_world/my_custom_world.egg-info/PKG-INFO
[1.517s] writing dependency_links to ../../build/my_custom_world/my_custom_world.egg-info/dependency_links.txt
[1.517s] writing entry points to ../../build/my_custom_world/my_custom_world.egg-info/entry_points.txt
[1.517s] writing requirements to ../../build/my_custom_world/my_custom_world.egg-info/requires.txt
[1.517s] writing top-level names to ../../build/my_custom_world/my_custom_world.egg-info/top_level.txt
[1.520s] reading manifest file '../../build/my_custom_world/my_custom_world.egg-info/SOURCES.txt'
[1.522s] writing manifest file '../../build/my_custom_world/my_custom_world.egg-info/SOURCES.txt'
[1.522s] running build
[1.522s] running build_py
[1.522s] running install
[1.522s] running install_lib
[1.524s] running install_data
[1.526s] running install_egg_info
[1.528s] removing '/home/frankie/growbot-workspace/install/my_custom_world/lib/python3.10/site-packages/my_custom_world-0.0.0-py3.10.egg-info' (and everything under it)
[1.528s] Copying ../../build/my_custom_world/my_custom_world.egg-info to /home/frankie/growbot-workspace/install/my_custom_world/lib/python3.10/site-packages/my_custom_world-0.0.0-py3.10.egg-info
[1.529s] running install_scripts
[1.556s] writing list of installed files to '/home/frankie/growbot-workspace/build/my_custom_world/install.log'
[1.586s] Invoked command in '/home/frankie/growbot-workspace/src/my_custom_world' returned '0': PYTHONPATH=/home/frankie/growbot-workspace/build/my_custom_world/prefix_override:/usr/lib/python3/dist-packages/colcon_core/task/python/colcon_distutils_commands:/home/frankie/growbot-workspace/install/my_custom_world/lib/python3.10/site-packages:${PYTHONPATH} /usr/bin/python3 -W ignore:setup.py install is deprecated -W ignore:easy_install command is deprecated setup.py egg_info --egg-base ../../build/my_custom_world build --build-base /home/frankie/growbot-workspace/build/my_custom_world/build install --record /home/frankie/growbot-workspace/build/my_custom_world/install.log --single-version-externally-managed install_data
