running egg_info
creating ../../build/my_custom_world/my_custom_world.egg-info
writing ../../build/my_custom_world/my_custom_world.egg-info/PKG-INFO
writing dependency_links to ../../build/my_custom_world/my_custom_world.egg-info/dependency_links.txt
writing entry points to ../../build/my_custom_world/my_custom_world.egg-info/entry_points.txt
writing requirements to ../../build/my_custom_world/my_custom_world.egg-info/requires.txt
writing top-level names to ../../build/my_custom_world/my_custom_world.egg-info/top_level.txt
writing manifest file '../../build/my_custom_world/my_custom_world.egg-info/SOURCES.txt'
reading manifest file '../../build/my_custom_world/my_custom_world.egg-info/SOURCES.txt'
writing manifest file '../../build/my_custom_world/my_custom_world.egg-info/SOURCES.txt'
running build
running build_py
creating /home/frankie/ros2_ws/build/my_custom_world/build
creating /home/frankie/ros2_ws/build/my_custom_world/build/lib
creating /home/frankie/ros2_ws/build/my_custom_world/build/lib/my_custom_world
copying my_custom_world/__init__.py -> /home/frankie/ros2_ws/build/my_custom_world/build/lib/my_custom_world
running install
running install_lib
creating /home/frankie/ros2_ws/install/my_custom_world/lib/python3.10/site-packages/my_custom_world
copying /home/frankie/ros2_ws/build/my_custom_world/build/lib/my_custom_world/__init__.py -> /home/frankie/ros2_ws/install/my_custom_world/lib/python3.10/site-packages/my_custom_world
byte-compiling /home/frankie/ros2_ws/install/my_custom_world/lib/python3.10/site-packages/my_custom_world/__init__.py to __init__.cpython-310.pyc
running install_data
creating /home/frankie/ros2_ws/install/my_custom_world/share/ament_index
creating /home/frankie/ros2_ws/install/my_custom_world/share/ament_index/resource_index
creating /home/frankie/ros2_ws/install/my_custom_world/share/ament_index/resource_index/packages
copying resource/my_custom_world -> /home/frankie/ros2_ws/install/my_custom_world/share/ament_index/resource_index/packages
copying package.xml -> /home/frankie/ros2_ws/install/my_custom_world/share/my_custom_world
creating /home/frankie/ros2_ws/install/my_custom_world/share/my_custom_world/launch
copying launch/custom_house.launch.py -> /home/frankie/ros2_ws/install/my_custom_world/share/my_custom_world/launch
creating /home/frankie/ros2_ws/install/my_custom_world/share/my_custom_world/worlds
copying worlds/my_house.world -> /home/frankie/ros2_ws/install/my_custom_world/share/my_custom_world/worlds
running install_egg_info
Copying ../../build/my_custom_world/my_custom_world.egg-info to /home/frankie/ros2_ws/install/my_custom_world/lib/python3.10/site-packages/my_custom_world-0.0.0-py3.10.egg-info
running install_scripts
writing list of installed files to '/home/frankie/ros2_ws/build/my_custom_world/install.log'
