running egg_info
creating ../../build/plant_detection/plant_detection.egg-info
writing ../../build/plant_detection/plant_detection.egg-info/PKG-INFO
writing dependency_links to ../../build/plant_detection/plant_detection.egg-info/dependency_links.txt
writing entry points to ../../build/plant_detection/plant_detection.egg-info/entry_points.txt
writing requirements to ../../build/plant_detection/plant_detection.egg-info/requires.txt
writing top-level names to ../../build/plant_detection/plant_detection.egg-info/top_level.txt
writing manifest file '../../build/plant_detection/plant_detection.egg-info/SOURCES.txt'
reading manifest file '../../build/plant_detection/plant_detection.egg-info/SOURCES.txt'
writing manifest file '../../build/plant_detection/plant_detection.egg-info/SOURCES.txt'
running build
running build_py
creating /home/frankie/ros2_ws/build/plant_detection/build
creating /home/frankie/ros2_ws/build/plant_detection/build/lib
creating /home/frankie/ros2_ws/build/plant_detection/build/lib/plant_detection
copying plant_detection/detector_node.py -> /home/frankie/ros2_ws/build/plant_detection/build/lib/plant_detection
copying plant_detection/__init__.py -> /home/frankie/ros2_ws/build/plant_detection/build/lib/plant_detection
running install
running install_lib
creating /home/frankie/ros2_ws/install/plant_detection/lib/python3.10/site-packages/plant_detection
copying /home/frankie/ros2_ws/build/plant_detection/build/lib/plant_detection/detector_node.py -> /home/frankie/ros2_ws/install/plant_detection/lib/python3.10/site-packages/plant_detection
copying /home/frankie/ros2_ws/build/plant_detection/build/lib/plant_detection/__init__.py -> /home/frankie/ros2_ws/install/plant_detection/lib/python3.10/site-packages/plant_detection
byte-compiling /home/frankie/ros2_ws/install/plant_detection/lib/python3.10/site-packages/plant_detection/detector_node.py to detector_node.cpython-310.pyc
byte-compiling /home/frankie/ros2_ws/install/plant_detection/lib/python3.10/site-packages/plant_detection/__init__.py to __init__.cpython-310.pyc
running install_data
creating /home/frankie/ros2_ws/install/plant_detection/share/ament_index
creating /home/frankie/ros2_ws/install/plant_detection/share/ament_index/resource_index
creating /home/frankie/ros2_ws/install/plant_detection/share/ament_index/resource_index/packages
copying resource/plant_detection -> /home/frankie/ros2_ws/install/plant_detection/share/ament_index/resource_index/packages
copying package.xml -> /home/frankie/ros2_ws/install/plant_detection/share/plant_detection
running install_egg_info
Copying ../../build/plant_detection/plant_detection.egg-info to /home/frankie/ros2_ws/install/plant_detection/lib/python3.10/site-packages/plant_detection-0.0.0-py3.10.egg-info
running install_scripts
Installing detector script to /home/frankie/ros2_ws/install/plant_detection/lib/plant_detection
writing list of installed files to '/home/frankie/ros2_ws/build/plant_detection/install.log'
