[0.626s] Invoking command in '/home/frankie/ros2_ws/src/frontier_explorer': PYTHONPATH=/home/frankie/ros2_ws/build/frontier_explorer/prefix_override:/usr/lib/python3/dist-packages/colcon_core/task/python/colcon_distutils_commands:/home/frankie/ros2_ws/install/frontier_explorer/lib/python3.10/site-packages:${PYTHONPATH} /usr/bin/python3 -W ignore:setup.py install is deprecated -W ignore:easy_install command is deprecated setup.py egg_info --egg-base ../../build/frontier_explorer build --build-base /home/frankie/ros2_ws/build/frontier_explorer/build install --record /home/frankie/ros2_ws/build/frontier_explorer/install.log --single-version-externally-managed install_data
[0.803s] running egg_info
[0.803s] writing ../../build/frontier_explorer/frontier_explorer.egg-info/PKG-INFO
[0.804s] writing dependency_links to ../../build/frontier_explorer/frontier_explorer.egg-info/dependency_links.txt
[0.804s] writing entry points to ../../build/frontier_explorer/frontier_explorer.egg-info/entry_points.txt
[0.804s] writing requirements to ../../build/frontier_explorer/frontier_explorer.egg-info/requires.txt
[0.804s] writing top-level names to ../../build/frontier_explorer/frontier_explorer.egg-info/top_level.txt
[0.806s] reading manifest file '../../build/frontier_explorer/frontier_explorer.egg-info/SOURCES.txt'
[0.806s] writing manifest file '../../build/frontier_explorer/frontier_explorer.egg-info/SOURCES.txt'
[0.806s] running build
[0.806s] running build_py
[0.807s] copying frontier_explorer/explorer.py -> /home/frankie/ros2_ws/build/frontier_explorer/build/lib/frontier_explorer
[0.807s] running install
[0.807s] running install_lib
[0.808s] copying /home/frankie/ros2_ws/build/frontier_explorer/build/lib/frontier_explorer/explorer.py -> /home/frankie/ros2_ws/install/frontier_explorer/lib/python3.10/site-packages/frontier_explorer
[0.808s] byte-compiling /home/frankie/ros2_ws/install/frontier_explorer/lib/python3.10/site-packages/frontier_explorer/explorer.py to explorer.cpython-310.pyc
[0.809s] running install_data
[0.809s] running install_egg_info
[0.811s] removing '/home/frankie/ros2_ws/install/frontier_explorer/lib/python3.10/site-packages/frontier_explorer-0.0.0-py3.10.egg-info' (and everything under it)
[0.811s] Copying ../../build/frontier_explorer/frontier_explorer.egg-info to /home/frankie/ros2_ws/install/frontier_explorer/lib/python3.10/site-packages/frontier_explorer-0.0.0-py3.10.egg-info
[0.812s] running install_scripts
[0.829s] Installing frontier_explorer script to /home/frankie/ros2_ws/install/frontier_explorer/lib/frontier_explorer
[0.829s] writing list of installed files to '/home/frankie/ros2_ws/build/frontier_explorer/install.log'
[0.853s] Invoked command in '/home/frankie/ros2_ws/src/frontier_explorer' returned '0': PYTHONPATH=/home/frankie/ros2_ws/build/frontier_explorer/prefix_override:/usr/lib/python3/dist-packages/colcon_core/task/python/colcon_distutils_commands:/home/frankie/ros2_ws/install/frontier_explorer/lib/python3.10/site-packages:${PYTHONPATH} /usr/bin/python3 -W ignore:setup.py install is deprecated -W ignore:easy_install command is deprecated setup.py egg_info --egg-base ../../build/frontier_explorer build --build-base /home/frankie/ros2_ws/build/frontier_explorer/build install --record /home/frankie/ros2_ws/build/frontier_explorer/install.log --single-version-externally-managed install_data
