[1.598s] Invoking command in '/home/frankie/ros2_ws/src/nav2_wavefront_frontier_exploration': PYTHONPATH=/home/frankie/ros2_ws/build/nav2_wfd/prefix_override:/usr/lib/python3/dist-packages/colcon_core/task/python/colcon_distutils_commands:/home/frankie/ros2_ws/install/nav2_wfd/lib/python3.10/site-packages:${PYTHONPATH} /usr/bin/python3 -W ignore:setup.py install is deprecated -W ignore:easy_install command is deprecated setup.py egg_info --egg-base ../../build/nav2_wfd build --build-base /home/frankie/ros2_ws/build/nav2_wfd/build install --record /home/frankie/ros2_ws/build/nav2_wfd/install.log --install-scripts $base/lib/nav2_wfd --single-version-externally-managed install_data
[1.975s] /usr/lib/python3/dist-packages/setuptools/dist.py:723: UserWarning: Usage of dash-separated 'script-dir' will not be supported in future versions. Please use the underscore name 'script_dir' instead
[1.975s]   warnings.warn(
[1.994s] running egg_info
[1.994s] writing ../../build/nav2_wfd/nav2_wfd.egg-info/PKG-INFO
[1.996s] writing dependency_links to ../../build/nav2_wfd/nav2_wfd.egg-info/dependency_links.txt
[1.996s] writing entry points to ../../build/nav2_wfd/nav2_wfd.egg-info/entry_points.txt
[1.996s] writing requirements to ../../build/nav2_wfd/nav2_wfd.egg-info/requires.txt
[1.997s] writing top-level names to ../../build/nav2_wfd/nav2_wfd.egg-info/top_level.txt
[1.999s] reading manifest file '../../build/nav2_wfd/nav2_wfd.egg-info/SOURCES.txt'
[2.000s] adding license file 'LICENSE'
[2.001s] writing manifest file '../../build/nav2_wfd/nav2_wfd.egg-info/SOURCES.txt'
[2.002s] running build
[2.002s] running build_py
[2.002s] running install
[2.003s] running install_lib
[2.005s] running install_data
[2.005s] running install_egg_info
[2.009s] removing '/home/frankie/ros2_ws/install/nav2_wfd/lib/python3.10/site-packages/nav2_wfd-0.0.0-py3.10.egg-info' (and everything under it)
[2.010s] Copying ../../build/nav2_wfd/nav2_wfd.egg-info to /home/frankie/ros2_ws/install/nav2_wfd/lib/python3.10/site-packages/nav2_wfd-0.0.0-py3.10.egg-info
[2.011s] running install_scripts
[2.054s] Installing explore script to /home/frankie/ros2_ws/install/nav2_wfd/lib/nav2_wfd
[2.055s] writing list of installed files to '/home/frankie/ros2_ws/build/nav2_wfd/install.log'
[2.130s] Invoked command in '/home/frankie/ros2_ws/src/nav2_wavefront_frontier_exploration' returned '0': PYTHONPATH=/home/frankie/ros2_ws/build/nav2_wfd/prefix_override:/usr/lib/python3/dist-packages/colcon_core/task/python/colcon_distutils_commands:/home/frankie/ros2_ws/install/nav2_wfd/lib/python3.10/site-packages:${PYTHONPATH} /usr/bin/python3 -W ignore:setup.py install is deprecated -W ignore:easy_install command is deprecated setup.py egg_info --egg-base ../../build/nav2_wfd build --build-base /home/frankie/ros2_ws/build/nav2_wfd/build install --record /home/frankie/ros2_ws/build/nav2_wfd/install.log --install-scripts $base/lib/nav2_wfd --single-version-externally-managed install_data
