[1.104s] Invoking command in '/home/frankie/ros2_ws/src/plant_detection': PYTHONPATH=/home/frankie/ros2_ws/build/plant_detection/prefix_override:/usr/lib/python3/dist-packages/colcon_core/task/python/colcon_distutils_commands:/home/frankie/ros2_ws/install/plant_detection/lib/python3.10/site-packages:${PYTHONPATH} /usr/bin/python3 -W ignore:setup.py install is deprecated -W ignore:easy_install command is deprecated setup.py egg_info --egg-base ../../build/plant_detection build --build-base /home/frankie/ros2_ws/build/plant_detection/build install --record /home/frankie/ros2_ws/build/plant_detection/install.log --single-version-externally-managed install_data
[1.283s] running egg_info
[1.283s] writing ../../build/plant_detection/plant_detection.egg-info/PKG-INFO
[1.289s] writing dependency_links to ../../build/plant_detection/plant_detection.egg-info/dependency_links.txt
[1.289s] writing entry points to ../../build/plant_detection/plant_detection.egg-info/entry_points.txt
[1.290s] writing requirements to ../../build/plant_detection/plant_detection.egg-info/requires.txt
[1.290s] writing top-level names to ../../build/plant_detection/plant_detection.egg-info/top_level.txt
[1.292s] reading manifest file '../../build/plant_detection/plant_detection.egg-info/SOURCES.txt'
[1.293s] writing manifest file '../../build/plant_detection/plant_detection.egg-info/SOURCES.txt'
[1.293s] running build
[1.293s] running build_py
[1.293s] running install
[1.294s] running install_lib
[1.295s] running install_data
[1.295s] running install_egg_info
[1.297s] removing '/home/frankie/ros2_ws/install/plant_detection/lib/python3.10/site-packages/plant_detection-0.0.0-py3.10.egg-info' (and everything under it)
[1.297s] Copying ../../build/plant_detection/plant_detection.egg-info to /home/frankie/ros2_ws/install/plant_detection/lib/python3.10/site-packages/plant_detection-0.0.0-py3.10.egg-info
[1.298s] running install_scripts
[1.314s] Installing detector script to /home/frankie/ros2_ws/install/plant_detection/lib/plant_detection
[1.315s] writing list of installed files to '/home/frankie/ros2_ws/build/plant_detection/install.log'
[1.351s] Invoked command in '/home/frankie/ros2_ws/src/plant_detection' returned '0': PYTHONPATH=/home/frankie/ros2_ws/build/plant_detection/prefix_override:/usr/lib/python3/dist-packages/colcon_core/task/python/colcon_distutils_commands:/home/frankie/ros2_ws/install/plant_detection/lib/python3.10/site-packages:${PYTHONPATH} /usr/bin/python3 -W ignore:setup.py install is deprecated -W ignore:easy_install command is deprecated setup.py egg_info --egg-base ../../build/plant_detection build --build-base /home/frankie/ros2_ws/build/plant_detection/build install --record /home/frankie/ros2_ws/build/plant_detection/install.log --single-version-externally-managed install_data
