[0.096s] DEBUG:colcon:Command line arguments: ['/usr/bin/colcon', 'build', '--symlink-install']
[0.096s] DEBUG:colcon:Parsed command line arguments: Namespace(log_base=None, log_level=None, verb_name='build', build_base='build', install_base='install', merge_install=False, symlink_install=True, test_result_base=None, continue_on_error=False, executor='parallel', parallel_workers=8, event_handlers=None, ignore_user_meta=False, metas=['./colcon.meta'], base_paths=['.'], packages_ignore=None, packages_ignore_regex=None, paths=None, packages_up_to=None, packages_up_to_regex=None, packages_above=None, packages_above_and_dependencies=None, packages_above_depth=None, packages_select_by_dep=None, packages_skip_by_dep=None, packages_skip_up_to=None, packages_select_build_failed=False, packages_skip_build_finished=False, packages_select_test_failures=False, packages_skip_test_passed=False, packages_select=None, packages_skip=None, packages_select_regex=None, packages_skip_regex=None, packages_start=None, packages_end=None, allow_overriding=[], cmake_args=None, cmake_target=None, cmake_target_skip_unavailable=False, cmake_clean_cache=False, cmake_clean_first=False, cmake_force_configure=False, ament_cmake_args=None, catkin_cmake_args=None, catkin_skip_building_tests=False, verb_parser=<colcon_defaults.argument_parser.defaults.DefaultArgumentsDecorator object at 0x76c45a05c970>, verb_extension=<colcon_core.verb.build.BuildVerb object at 0x76c45a05c460>, main=<bound method BuildVerb.main of <colcon_core.verb.build.BuildVerb object at 0x76c45a05c460>>)
[0.237s] Level 1:colcon.colcon_core.package_discovery:discover_packages(colcon_meta) check parameters
[0.237s] Level 1:colcon.colcon_core.package_discovery:discover_packages(recursive) check parameters
[0.237s] Level 1:colcon.colcon_core.package_discovery:discover_packages(ignore) check parameters
[0.237s] Level 1:colcon.colcon_core.package_discovery:discover_packages(path) check parameters
[0.237s] Level 1:colcon.colcon_core.package_discovery:discover_packages(colcon_meta) discover
[0.237s] Level 1:colcon.colcon_core.package_discovery:discover_packages(recursive) discover
[0.237s] INFO:colcon.colcon_core.package_discovery:Crawling recursively for packages in '/home/frankie/ros2_ws'
[0.237s] Level 1:colcon.colcon_core.package_identification:_identify(.) by extensions ['ignore', 'ignore_ament_install']
[0.237s] Level 1:colcon.colcon_core.package_identification:_identify(.) by extension 'ignore'
[0.237s] Level 1:colcon.colcon_core.package_identification:_identify(.) by extension 'ignore_ament_install'
[0.237s] Level 1:colcon.colcon_core.package_identification:_identify(.) by extensions ['colcon_pkg']
[0.237s] Level 1:colcon.colcon_core.package_identification:_identify(.) by extension 'colcon_pkg'
[0.237s] Level 1:colcon.colcon_core.package_identification:_identify(.) by extensions ['colcon_meta']
[0.237s] Level 1:colcon.colcon_core.package_identification:_identify(.) by extension 'colcon_meta'
[0.237s] Level 1:colcon.colcon_core.package_identification:_identify(.) by extensions ['ros']
[0.237s] Level 1:colcon.colcon_core.package_identification:_identify(.) by extension 'ros'
[0.249s] Level 1:colcon.colcon_core.package_identification:_identify(.) by extensions ['cmake', 'python']
[0.249s] Level 1:colcon.colcon_core.package_identification:_identify(.) by extension 'cmake'
[0.249s] Level 1:colcon.colcon_core.package_identification:_identify(.) by extension 'python'
[0.249s] Level 1:colcon.colcon_core.package_identification:_identify(.) by extensions ['python_setup_py']
[0.249s] Level 1:colcon.colcon_core.package_identification:_identify(.) by extension 'python_setup_py'
[0.249s] Level 1:colcon.colcon_core.package_identification:_identify(build) by extensions ['ignore', 'ignore_ament_install']
[0.249s] Level 1:colcon.colcon_core.package_identification:_identify(build) by extension 'ignore'
[0.249s] Level 1:colcon.colcon_core.package_identification:_identify(build) ignored
[0.249s] Level 1:colcon.colcon_core.package_identification:_identify(install) by extensions ['ignore', 'ignore_ament_install']
[0.249s] Level 1:colcon.colcon_core.package_identification:_identify(install) by extension 'ignore'
[0.250s] Level 1:colcon.colcon_core.package_identification:_identify(install) ignored
[0.250s] Level 1:colcon.colcon_core.package_identification:_identify(log) by extensions ['ignore', 'ignore_ament_install']
[0.250s] Level 1:colcon.colcon_core.package_identification:_identify(log) by extension 'ignore'
[0.250s] Level 1:colcon.colcon_core.package_identification:_identify(log) ignored
[0.250s] Level 1:colcon.colcon_core.package_identification:_identify(src) by extensions ['ignore', 'ignore_ament_install']
[0.250s] Level 1:colcon.colcon_core.package_identification:_identify(src) by extension 'ignore'
[0.250s] Level 1:colcon.colcon_core.package_identification:_identify(src) by extension 'ignore_ament_install'
[0.250s] Level 1:colcon.colcon_core.package_identification:_identify(src) by extensions ['colcon_pkg']
[0.250s] Level 1:colcon.colcon_core.package_identification:_identify(src) by extension 'colcon_pkg'
[0.250s] Level 1:colcon.colcon_core.package_identification:_identify(src) by extensions ['colcon_meta']
[0.250s] Level 1:colcon.colcon_core.package_identification:_identify(src) by extension 'colcon_meta'
[0.250s] Level 1:colcon.colcon_core.package_identification:_identify(src) by extensions ['ros']
[0.250s] Level 1:colcon.colcon_core.package_identification:_identify(src) by extension 'ros'
[0.250s] Level 1:colcon.colcon_core.package_identification:_identify(src) by extensions ['cmake', 'python']
[0.250s] Level 1:colcon.colcon_core.package_identification:_identify(src) by extension 'cmake'
[0.250s] Level 1:colcon.colcon_core.package_identification:_identify(src) by extension 'python'
[0.250s] Level 1:colcon.colcon_core.package_identification:_identify(src) by extensions ['python_setup_py']
[0.250s] Level 1:colcon.colcon_core.package_identification:_identify(src) by extension 'python_setup_py'
[0.250s] Level 1:colcon.colcon_core.package_identification:_identify(src/aws-robomaker-small-house-world) by extensions ['ignore', 'ignore_ament_install']
[0.250s] Level 1:colcon.colcon_core.package_identification:_identify(src/aws-robomaker-small-house-world) by extension 'ignore'
[0.250s] Level 1:colcon.colcon_core.package_identification:_identify(src/aws-robomaker-small-house-world) by extension 'ignore_ament_install'
[0.250s] Level 1:colcon.colcon_core.package_identification:_identify(src/aws-robomaker-small-house-world) by extensions ['colcon_pkg']
[0.250s] Level 1:colcon.colcon_core.package_identification:_identify(src/aws-robomaker-small-house-world) by extension 'colcon_pkg'
[0.250s] Level 1:colcon.colcon_core.package_identification:_identify(src/aws-robomaker-small-house-world) by extensions ['colcon_meta']
[0.250s] Level 1:colcon.colcon_core.package_identification:_identify(src/aws-robomaker-small-house-world) by extension 'colcon_meta'
[0.250s] Level 1:colcon.colcon_core.package_identification:_identify(src/aws-robomaker-small-house-world) by extensions ['ros']
[0.250s] Level 1:colcon.colcon_core.package_identification:_identify(src/aws-robomaker-small-house-world) by extension 'ros'
[0.252s] DEBUG:colcon.colcon_core.package_identification:Package 'src/aws-robomaker-small-house-world' with type 'ros.ament_cmake' and name 'aws_robomaker_small_house_world'
[0.252s] Level 1:colcon.colcon_core.package_identification:_identify(src/growbot_bringup) by extensions ['ignore', 'ignore_ament_install']
[0.252s] Level 1:colcon.colcon_core.package_identification:_identify(src/growbot_bringup) by extension 'ignore'
[0.252s] Level 1:colcon.colcon_core.package_identification:_identify(src/growbot_bringup) by extension 'ignore_ament_install'
[0.252s] Level 1:colcon.colcon_core.package_identification:_identify(src/growbot_bringup) by extensions ['colcon_pkg']
[0.252s] Level 1:colcon.colcon_core.package_identification:_identify(src/growbot_bringup) by extension 'colcon_pkg'
[0.252s] Level 1:colcon.colcon_core.package_identification:_identify(src/growbot_bringup) by extensions ['colcon_meta']
[0.252s] Level 1:colcon.colcon_core.package_identification:_identify(src/growbot_bringup) by extension 'colcon_meta'
[0.253s] Level 1:colcon.colcon_core.package_identification:_identify(src/growbot_bringup) by extensions ['ros']
[0.253s] Level 1:colcon.colcon_core.package_identification:_identify(src/growbot_bringup) by extension 'ros'
[0.253s] DEBUG:colcon.colcon_core.package_identification:Package 'src/growbot_bringup' with type 'ros.ament_python' and name 'growbot_bringup'
[0.253s] Level 1:colcon.colcon_core.package_identification:_identify(src/nav2_wavefront_frontier_exploration) by extensions ['ignore', 'ignore_ament_install']
[0.253s] Level 1:colcon.colcon_core.package_identification:_identify(src/nav2_wavefront_frontier_exploration) by extension 'ignore'
[0.253s] Level 1:colcon.colcon_core.package_identification:_identify(src/nav2_wavefront_frontier_exploration) by extension 'ignore_ament_install'
[0.253s] Level 1:colcon.colcon_core.package_identification:_identify(src/nav2_wavefront_frontier_exploration) by extensions ['colcon_pkg']
[0.253s] Level 1:colcon.colcon_core.package_identification:_identify(src/nav2_wavefront_frontier_exploration) by extension 'colcon_pkg'
[0.253s] Level 1:colcon.colcon_core.package_identification:_identify(src/nav2_wavefront_frontier_exploration) by extensions ['colcon_meta']
[0.253s] Level 1:colcon.colcon_core.package_identification:_identify(src/nav2_wavefront_frontier_exploration) by extension 'colcon_meta'
[0.253s] Level 1:colcon.colcon_core.package_identification:_identify(src/nav2_wavefront_frontier_exploration) by extensions ['ros']
[0.253s] Level 1:colcon.colcon_core.package_identification:_identify(src/nav2_wavefront_frontier_exploration) by extension 'ros'
[0.254s] DEBUG:colcon.colcon_core.package_identification:Package 'src/nav2_wavefront_frontier_exploration' with type 'ros.ament_python' and name 'nav2_wfd'
[0.254s] Level 1:colcon.colcon_core.package_discovery:discover_packages(recursive) using defaults
[0.254s] Level 1:colcon.colcon_core.package_discovery:discover_packages(ignore) discover
[0.254s] Level 1:colcon.colcon_core.package_discovery:discover_packages(ignore) using defaults
[0.254s] Level 1:colcon.colcon_core.package_discovery:discover_packages(path) discover
[0.254s] Level 1:colcon.colcon_core.package_discovery:discover_packages(path) using defaults
[0.273s] Level 1:colcon.colcon_core.package_discovery:discover_packages(prefix_path) check parameters
[0.273s] Level 1:colcon.colcon_core.package_discovery:discover_packages(prefix_path) discover
[0.275s] DEBUG:colcon.colcon_installed_package_information.package_discovery:Found 3 installed packages in /home/frankie/ros2_ws/install
[0.276s] DEBUG:colcon.colcon_installed_package_information.package_discovery:Found 447 installed packages in /opt/ros/humble
[0.289s] Level 1:colcon.colcon_core.package_discovery:discover_packages(prefix_path) using defaults
[0.339s] Level 5:colcon.colcon_core.verb:set package 'aws_robomaker_small_house_world' build argument 'cmake_args' from command line to 'None'
[0.339s] Level 5:colcon.colcon_core.verb:set package 'aws_robomaker_small_house_world' build argument 'cmake_target' from command line to 'None'
[0.339s] Level 5:colcon.colcon_core.verb:set package 'aws_robomaker_small_house_world' build argument 'cmake_target_skip_unavailable' from command line to 'False'
[0.339s] Level 5:colcon.colcon_core.verb:set package 'aws_robomaker_small_house_world' build argument 'cmake_clean_cache' from command line to 'False'
[0.339s] Level 5:colcon.colcon_core.verb:set package 'aws_robomaker_small_house_world' build argument 'cmake_clean_first' from command line to 'False'
[0.339s] Level 5:colcon.colcon_core.verb:set package 'aws_robomaker_small_house_world' build argument 'cmake_force_configure' from command line to 'False'
[0.339s] Level 5:colcon.colcon_core.verb:set package 'aws_robomaker_small_house_world' build argument 'ament_cmake_args' from command line to 'None'
[0.339s] Level 5:colcon.colcon_core.verb:set package 'aws_robomaker_small_house_world' build argument 'catkin_cmake_args' from command line to 'None'
[0.339s] Level 5:colcon.colcon_core.verb:set package 'aws_robomaker_small_house_world' build argument 'catkin_skip_building_tests' from command line to 'False'
[0.339s] DEBUG:colcon.colcon_core.verb:Building package 'aws_robomaker_small_house_world' with the following arguments: {'ament_cmake_args': None, 'build_base': '/home/frankie/ros2_ws/build/aws_robomaker_small_house_world', 'catkin_cmake_args': None, 'catkin_skip_building_tests': False, 'cmake_args': None, 'cmake_clean_cache': False, 'cmake_clean_first': False, 'cmake_force_configure': False, 'cmake_target': None, 'cmake_target_skip_unavailable': False, 'install_base': '/home/frankie/ros2_ws/install/aws_robomaker_small_house_world', 'merge_install': False, 'path': '/home/frankie/ros2_ws/src/aws-robomaker-small-house-world', 'symlink_install': True, 'test_result_base': None}
[0.340s] Level 5:colcon.colcon_core.verb:set package 'growbot_bringup' build argument 'cmake_args' from command line to 'None'
[0.340s] Level 5:colcon.colcon_core.verb:set package 'growbot_bringup' build argument 'cmake_target' from command line to 'None'
[0.340s] Level 5:colcon.colcon_core.verb:set package 'growbot_bringup' build argument 'cmake_target_skip_unavailable' from command line to 'False'
[0.340s] Level 5:colcon.colcon_core.verb:set package 'growbot_bringup' build argument 'cmake_clean_cache' from command line to 'False'
[0.340s] Level 5:colcon.colcon_core.verb:set package 'growbot_bringup' build argument 'cmake_clean_first' from command line to 'False'
[0.340s] Level 5:colcon.colcon_core.verb:set package 'growbot_bringup' build argument 'cmake_force_configure' from command line to 'False'
[0.340s] Level 5:colcon.colcon_core.verb:set package 'growbot_bringup' build argument 'ament_cmake_args' from command line to 'None'
[0.340s] Level 5:colcon.colcon_core.verb:set package 'growbot_bringup' build argument 'catkin_cmake_args' from command line to 'None'
[0.340s] Level 5:colcon.colcon_core.verb:set package 'growbot_bringup' build argument 'catkin_skip_building_tests' from command line to 'False'
[0.340s] DEBUG:colcon.colcon_core.verb:Building package 'growbot_bringup' with the following arguments: {'ament_cmake_args': None, 'build_base': '/home/frankie/ros2_ws/build/growbot_bringup', 'catkin_cmake_args': None, 'catkin_skip_building_tests': False, 'cmake_args': None, 'cmake_clean_cache': False, 'cmake_clean_first': False, 'cmake_force_configure': False, 'cmake_target': None, 'cmake_target_skip_unavailable': False, 'install_base': '/home/frankie/ros2_ws/install/growbot_bringup', 'merge_install': False, 'path': '/home/frankie/ros2_ws/src/growbot_bringup', 'symlink_install': True, 'test_result_base': None}
[0.340s] Level 5:colcon.colcon_core.verb:set package 'nav2_wfd' build argument 'cmake_args' from command line to 'None'
[0.340s] Level 5:colcon.colcon_core.verb:set package 'nav2_wfd' build argument 'cmake_target' from command line to 'None'
[0.340s] Level 5:colcon.colcon_core.verb:set package 'nav2_wfd' build argument 'cmake_target_skip_unavailable' from command line to 'False'
[0.340s] Level 5:colcon.colcon_core.verb:set package 'nav2_wfd' build argument 'cmake_clean_cache' from command line to 'False'
[0.340s] Level 5:colcon.colcon_core.verb:set package 'nav2_wfd' build argument 'cmake_clean_first' from command line to 'False'
[0.340s] Level 5:colcon.colcon_core.verb:set package 'nav2_wfd' build argument 'cmake_force_configure' from command line to 'False'
[0.340s] Level 5:colcon.colcon_core.verb:set package 'nav2_wfd' build argument 'ament_cmake_args' from command line to 'None'
[0.340s] Level 5:colcon.colcon_core.verb:set package 'nav2_wfd' build argument 'catkin_cmake_args' from command line to 'None'
[0.340s] Level 5:colcon.colcon_core.verb:set package 'nav2_wfd' build argument 'catkin_skip_building_tests' from command line to 'False'
[0.340s] DEBUG:colcon.colcon_core.verb:Building package 'nav2_wfd' with the following arguments: {'ament_cmake_args': None, 'build_base': '/home/frankie/ros2_ws/build/nav2_wfd', 'catkin_cmake_args': None, 'catkin_skip_building_tests': False, 'cmake_args': None, 'cmake_clean_cache': False, 'cmake_clean_first': False, 'cmake_force_configure': False, 'cmake_target': None, 'cmake_target_skip_unavailable': False, 'install_base': '/home/frankie/ros2_ws/install/nav2_wfd', 'merge_install': False, 'path': '/home/frankie/ros2_ws/src/nav2_wavefront_frontier_exploration', 'symlink_install': True, 'test_result_base': None}
[0.341s] INFO:colcon.colcon_core.executor:Executing jobs using 'parallel' executor
[0.342s] DEBUG:colcon.colcon_parallel_executor.executor.parallel:run_until_complete
[0.342s] INFO:colcon.colcon_ros.task.ament_cmake.build:Building ROS package in '/home/frankie/ros2_ws/src/aws-robomaker-small-house-world' with build type 'ament_cmake'
[0.342s] INFO:colcon.colcon_cmake.task.cmake.build:Building CMake package in '/home/frankie/ros2_ws/src/aws-robomaker-small-house-world'
[0.344s] INFO:colcon.colcon_core.plugin_system:Skipping extension 'colcon_core.shell.bat': Not used on non-Windows systems
[0.344s] INFO:colcon.colcon_core.shell:Skip shell extension 'powershell' for command environment: Not usable outside of PowerShell
[0.344s] DEBUG:colcon.colcon_core.shell:Skip shell extension 'dsv' for command environment
[0.348s] INFO:colcon.colcon_ros.task.ament_python.build:Building ROS package in '/home/frankie/ros2_ws/src/growbot_bringup' with build type 'ament_python'
[0.348s] Level 1:colcon.colcon_core.shell:create_environment_hook('growbot_bringup', 'ament_prefix_path')
[0.348s] INFO:colcon.colcon_core.shell:Creating environment hook '/home/frankie/ros2_ws/install/growbot_bringup/share/growbot_bringup/hook/ament_prefix_path.ps1'
[0.349s] INFO:colcon.colcon_core.shell:Creating environment descriptor '/home/frankie/ros2_ws/install/growbot_bringup/share/growbot_bringup/hook/ament_prefix_path.dsv'
[0.349s] INFO:colcon.colcon_core.shell:Creating environment hook '/home/frankie/ros2_ws/install/growbot_bringup/share/growbot_bringup/hook/ament_prefix_path.sh'
[0.350s] INFO:colcon.colcon_core.shell:Skip shell extension 'powershell' for command environment: Not usable outside of PowerShell
[0.350s] DEBUG:colcon.colcon_core.shell:Skip shell extension 'dsv' for command environment
[0.353s] INFO:colcon.colcon_ros.task.ament_python.build:Building ROS package in '/home/frankie/ros2_ws/src/nav2_wavefront_frontier_exploration' with build type 'ament_python'
[0.353s] Level 1:colcon.colcon_core.shell:create_environment_hook('nav2_wfd', 'ament_prefix_path')
[0.354s] INFO:colcon.colcon_core.shell:Creating environment hook '/home/frankie/ros2_ws/install/nav2_wfd/share/nav2_wfd/hook/ament_prefix_path.ps1'
[0.355s] INFO:colcon.colcon_core.shell:Creating environment descriptor '/home/frankie/ros2_ws/install/nav2_wfd/share/nav2_wfd/hook/ament_prefix_path.dsv'
[0.355s] INFO:colcon.colcon_core.shell:Creating environment hook '/home/frankie/ros2_ws/install/nav2_wfd/share/nav2_wfd/hook/ament_prefix_path.sh'
[0.355s] INFO:colcon.colcon_core.shell:Skip shell extension 'powershell' for command environment: Not usable outside of PowerShell
[0.355s] DEBUG:colcon.colcon_core.shell:Skip shell extension 'dsv' for command environment
[0.363s] DEBUG:colcon.colcon_core.event_handler.log_command:Invoking command in '/home/frankie/ros2_ws/build/aws_robomaker_small_house_world': CMAKE_PREFIX_PATH=${CMAKE_PREFIX_PATH}:/home/frankie/ros2_ws/install/nav2_wfd:/home/frankie/ros2_ws/install/growbot_bringup:/opt/ros/humble /usr/bin/cmake /home/frankie/ros2_ws/src/aws-robomaker-small-house-world -DAMENT_CMAKE_SYMLINK_INSTALL=1 -DCMAKE_INSTALL_PREFIX=/home/frankie/ros2_ws/install/aws_robomaker_small_house_world
[0.617s] INFO:colcon.colcon_core.task.python.build:Building Python package in '/home/frankie/ros2_ws/src/growbot_bringup'
[0.617s] INFO:colcon.colcon_core.shell:Skip shell extension 'powershell' for command environment: Not usable outside of PowerShell
[0.617s] DEBUG:colcon.colcon_core.shell:Skip shell extension 'dsv' for command environment
[0.850s] INFO:colcon.colcon_core.task.python.build:Building Python package in '/home/frankie/ros2_ws/src/nav2_wavefront_frontier_exploration'
[0.851s] INFO:colcon.colcon_core.shell:Skip shell extension 'powershell' for command environment: Not usable outside of PowerShell
[0.851s] DEBUG:colcon.colcon_core.shell:Skip shell extension 'dsv' for command environment
[0.854s] DEBUG:colcon.colcon_core.event_handler.log_command:Invoked command in '/home/frankie/ros2_ws/build/aws_robomaker_small_house_world' returned '0': CMAKE_PREFIX_PATH=${CMAKE_PREFIX_PATH}:/home/frankie/ros2_ws/install/nav2_wfd:/home/frankie/ros2_ws/install/growbot_bringup:/opt/ros/humble /usr/bin/cmake /home/frankie/ros2_ws/src/aws-robomaker-small-house-world -DAMENT_CMAKE_SYMLINK_INSTALL=1 -DCMAKE_INSTALL_PREFIX=/home/frankie/ros2_ws/install/aws_robomaker_small_house_world
[0.856s] DEBUG:colcon.colcon_core.event_handler.log_command:Invoking command in '/home/frankie/ros2_ws/build/aws_robomaker_small_house_world': CMAKE_PREFIX_PATH=${CMAKE_PREFIX_PATH}:/home/frankie/ros2_ws/install/nav2_wfd:/home/frankie/ros2_ws/install/growbot_bringup:/opt/ros/humble /usr/bin/cmake --build /home/frankie/ros2_ws/build/aws_robomaker_small_house_world -- -j8 -l8
[0.891s] DEBUG:colcon.colcon_core.event_handler.log_command:Invoked command in '/home/frankie/ros2_ws/build/aws_robomaker_small_house_world' returned '0': CMAKE_PREFIX_PATH=${CMAKE_PREFIX_PATH}:/home/frankie/ros2_ws/install/nav2_wfd:/home/frankie/ros2_ws/install/growbot_bringup:/opt/ros/humble /usr/bin/cmake --build /home/frankie/ros2_ws/build/aws_robomaker_small_house_world -- -j8 -l8
[0.902s] DEBUG:colcon.colcon_core.event_handler.log_command:Invoking command in '/home/frankie/ros2_ws/build/aws_robomaker_small_house_world': CMAKE_PREFIX_PATH=${CMAKE_PREFIX_PATH}:/home/frankie/ros2_ws/install/nav2_wfd:/home/frankie/ros2_ws/install/growbot_bringup:/opt/ros/humble /usr/bin/cmake --install /home/frankie/ros2_ws/build/aws_robomaker_small_house_world
[1.236s] DEBUG:colcon.colcon_core.task.python.build:While undoing a previous installation files outside the Python library path are being ignored: /home/frankie/ros2_ws/install/nav2_wfd/share/ament_index/resource_index/packages/nav2_wfd
[1.236s] DEBUG:colcon.colcon_core.task.python.build:While undoing a previous installation files outside the Python library path are being ignored: /home/frankie/ros2_ws/install/nav2_wfd/share/nav2_wfd/package.xml
[1.236s] DEBUG:colcon.colcon_core.task.python.build:While undoing a previous installation files outside the Python library path are being ignored: /home/frankie/ros2_ws/install/nav2_wfd/lib/nav2_wfd/explore
[1.238s] DEBUG:colcon.colcon_core.event_handler.log_command:Invoking command in '/home/frankie/ros2_ws/build/nav2_wfd': PYTHONPATH=/home/frankie/ros2_ws/build/nav2_wfd/prefix_override:/usr/lib/python3/dist-packages/colcon_core/task/python/colcon_distutils_commands:/home/frankie/ros2_ws/install/nav2_wfd/lib/python3.10/site-packages:${PYTHONPATH} /usr/bin/python3 -W ignore:setup.py install is deprecated -W ignore:easy_install command is deprecated setup.py develop --editable --build-directory /home/frankie/ros2_ws/build/nav2_wfd/build --no-deps symlink_data --force
[1.251s] DEBUG:colcon.colcon_core.task.python.build:While undoing a previous installation files outside the Python library path are being ignored: /home/frankie/ros2_ws/install/growbot_bringup/share/ament_index/resource_index/packages/growbot_bringup
[1.251s] DEBUG:colcon.colcon_core.task.python.build:While undoing a previous installation files outside the Python library path are being ignored: /home/frankie/ros2_ws/install/growbot_bringup/share/growbot_bringup/package.xml
[1.251s] DEBUG:colcon.colcon_core.task.python.build:While undoing a previous installation files outside the Python library path are being ignored: /home/frankie/ros2_ws/install/growbot_bringup/share/growbot_bringup/launch/auto_explore.launch.py
[1.251s] DEBUG:colcon.colcon_core.task.python.build:While undoing a previous installation files outside the Python library path are being ignored: /home/frankie/ros2_ws/install/growbot_bringup/lib/growbot_bringup/random_explorer
[1.252s] DEBUG:colcon.colcon_core.event_handler.log_command:Invoking command in '/home/frankie/ros2_ws/build/growbot_bringup': PYTHONPATH=/home/frankie/ros2_ws/build/growbot_bringup/prefix_override:/usr/lib/python3/dist-packages/colcon_core/task/python/colcon_distutils_commands:/home/frankie/ros2_ws/install/growbot_bringup/lib/python3.10/site-packages:${PYTHONPATH} /usr/bin/python3 -W ignore:setup.py install is deprecated -W ignore:easy_install command is deprecated setup.py develop --editable --build-directory /home/frankie/ros2_ws/build/growbot_bringup/build --no-deps symlink_data --force
[1.716s] Level 1:colcon.colcon_core.shell:create_environment_hook('growbot_bringup', 'pythonpath_develop')
[1.716s] INFO:colcon.colcon_core.shell:Creating environment hook '/home/frankie/ros2_ws/build/growbot_bringup/share/growbot_bringup/hook/pythonpath_develop.ps1'
[1.717s] DEBUG:colcon.colcon_core.event_handler.log_command:Invoked command in '/home/frankie/ros2_ws/build/growbot_bringup' returned '0': PYTHONPATH=/home/frankie/ros2_ws/build/growbot_bringup/prefix_override:/usr/lib/python3/dist-packages/colcon_core/task/python/colcon_distutils_commands:/home/frankie/ros2_ws/install/growbot_bringup/lib/python3.10/site-packages:${PYTHONPATH} /usr/bin/python3 -W ignore:setup.py install is deprecated -W ignore:easy_install command is deprecated setup.py develop --editable --build-directory /home/frankie/ros2_ws/build/growbot_bringup/build --no-deps symlink_data --force
[1.717s] INFO:colcon.colcon_core.shell:Creating environment descriptor '/home/frankie/ros2_ws/build/growbot_bringup/share/growbot_bringup/hook/pythonpath_develop.dsv'
[1.718s] INFO:colcon.colcon_core.shell:Creating environment hook '/home/frankie/ros2_ws/build/growbot_bringup/share/growbot_bringup/hook/pythonpath_develop.sh'
[1.721s] Level 1:colcon.colcon_core.environment:checking '/home/frankie/ros2_ws/install/growbot_bringup' for CMake module files
[1.721s] Level 1:colcon.colcon_core.environment:checking '/home/frankie/ros2_ws/install/growbot_bringup' for CMake config files
[1.722s] Level 1:colcon.colcon_core.environment:checking '/home/frankie/ros2_ws/install/growbot_bringup/lib'
[1.722s] Level 1:colcon.colcon_core.environment:checking '/home/frankie/ros2_ws/install/growbot_bringup/bin'
[1.722s] Level 1:colcon.colcon_core.environment:checking '/home/frankie/ros2_ws/install/growbot_bringup/lib/pkgconfig/growbot_bringup.pc'
[1.722s] Level 1:colcon.colcon_core.environment:checking '/home/frankie/ros2_ws/install/growbot_bringup/lib/python3.10/site-packages'
[1.722s] Level 1:colcon.colcon_core.shell:create_environment_hook('growbot_bringup', 'pythonpath')
[1.722s] INFO:colcon.colcon_core.shell:Creating environment hook '/home/frankie/ros2_ws/install/growbot_bringup/share/growbot_bringup/hook/pythonpath.ps1'
[1.723s] INFO:colcon.colcon_core.shell:Creating environment descriptor '/home/frankie/ros2_ws/install/growbot_bringup/share/growbot_bringup/hook/pythonpath.dsv'
[1.723s] INFO:colcon.colcon_core.shell:Creating environment hook '/home/frankie/ros2_ws/install/growbot_bringup/share/growbot_bringup/hook/pythonpath.sh'
[1.724s] Level 1:colcon.colcon_core.environment:checking '/home/frankie/ros2_ws/install/growbot_bringup/bin'
[1.724s] Level 1:colcon.colcon_core.environment:create_environment_scripts_only(growbot_bringup)
[1.725s] INFO:colcon.colcon_core.shell:Creating package script '/home/frankie/ros2_ws/install/growbot_bringup/share/growbot_bringup/package.ps1'
[1.726s] INFO:colcon.colcon_core.shell:Creating package descriptor '/home/frankie/ros2_ws/install/growbot_bringup/share/growbot_bringup/package.dsv'
[1.727s] INFO:colcon.colcon_core.shell:Creating package script '/home/frankie/ros2_ws/install/growbot_bringup/share/growbot_bringup/package.sh'
[1.727s] INFO:colcon.colcon_core.shell:Creating package script '/home/frankie/ros2_ws/install/growbot_bringup/share/growbot_bringup/package.bash'
[1.728s] INFO:colcon.colcon_core.shell:Creating package script '/home/frankie/ros2_ws/install/growbot_bringup/share/growbot_bringup/package.zsh'
[1.728s] Level 1:colcon.colcon_core.environment:create_file_with_runtime_dependencies(/home/frankie/ros2_ws/install/growbot_bringup/share/colcon-core/packages/growbot_bringup)
[1.730s] Level 1:colcon.colcon_core.shell:create_environment_hook('nav2_wfd', 'pythonpath_develop')
[1.730s] INFO:colcon.colcon_core.shell:Creating environment hook '/home/frankie/ros2_ws/build/nav2_wfd/share/nav2_wfd/hook/pythonpath_develop.ps1'
[1.731s] INFO:colcon.colcon_core.shell:Creating environment descriptor '/home/frankie/ros2_ws/build/nav2_wfd/share/nav2_wfd/hook/pythonpath_develop.dsv'
[1.731s] DEBUG:colcon.colcon_core.event_handler.log_command:Invoked command in '/home/frankie/ros2_ws/build/nav2_wfd' returned '0': PYTHONPATH=/home/frankie/ros2_ws/build/nav2_wfd/prefix_override:/usr/lib/python3/dist-packages/colcon_core/task/python/colcon_distutils_commands:/home/frankie/ros2_ws/install/nav2_wfd/lib/python3.10/site-packages:${PYTHONPATH} /usr/bin/python3 -W ignore:setup.py install is deprecated -W ignore:easy_install command is deprecated setup.py develop --editable --build-directory /home/frankie/ros2_ws/build/nav2_wfd/build --no-deps symlink_data --force
[1.732s] INFO:colcon.colcon_core.shell:Creating environment hook '/home/frankie/ros2_ws/build/nav2_wfd/share/nav2_wfd/hook/pythonpath_develop.sh'
[1.732s] Level 1:colcon.colcon_core.environment:checking '/home/frankie/ros2_ws/install/nav2_wfd' for CMake module files
[1.733s] Level 1:colcon.colcon_core.environment:checking '/home/frankie/ros2_ws/install/nav2_wfd' for CMake config files
[1.733s] Level 1:colcon.colcon_core.environment:checking '/home/frankie/ros2_ws/install/nav2_wfd/lib'
[1.733s] Level 1:colcon.colcon_core.environment:checking '/home/frankie/ros2_ws/install/nav2_wfd/bin'
[1.733s] Level 1:colcon.colcon_core.environment:checking '/home/frankie/ros2_ws/install/nav2_wfd/lib/pkgconfig/nav2_wfd.pc'
[1.733s] Level 1:colcon.colcon_core.environment:checking '/home/frankie/ros2_ws/install/nav2_wfd/lib/python3.10/site-packages'
[1.733s] Level 1:colcon.colcon_core.shell:create_environment_hook('nav2_wfd', 'pythonpath')
[1.734s] INFO:colcon.colcon_core.shell:Creating environment hook '/home/frankie/ros2_ws/install/nav2_wfd/share/nav2_wfd/hook/pythonpath.ps1'
[1.734s] INFO:colcon.colcon_core.shell:Creating environment descriptor '/home/frankie/ros2_ws/install/nav2_wfd/share/nav2_wfd/hook/pythonpath.dsv'
[1.734s] INFO:colcon.colcon_core.shell:Creating environment hook '/home/frankie/ros2_ws/install/nav2_wfd/share/nav2_wfd/hook/pythonpath.sh'
[1.735s] Level 1:colcon.colcon_core.environment:checking '/home/frankie/ros2_ws/install/nav2_wfd/bin'
[1.736s] Level 1:colcon.colcon_core.environment:create_environment_scripts_only(nav2_wfd)
[1.736s] INFO:colcon.colcon_core.shell:Creating package script '/home/frankie/ros2_ws/install/nav2_wfd/share/nav2_wfd/package.ps1'
[1.737s] INFO:colcon.colcon_core.shell:Creating package descriptor '/home/frankie/ros2_ws/install/nav2_wfd/share/nav2_wfd/package.dsv'
[1.738s] INFO:colcon.colcon_core.shell:Creating package script '/home/frankie/ros2_ws/install/nav2_wfd/share/nav2_wfd/package.sh'
[1.738s] INFO:colcon.colcon_core.shell:Creating package script '/home/frankie/ros2_ws/install/nav2_wfd/share/nav2_wfd/package.bash'
[1.739s] INFO:colcon.colcon_core.shell:Creating package script '/home/frankie/ros2_ws/install/nav2_wfd/share/nav2_wfd/package.zsh'
[1.739s] Level 1:colcon.colcon_core.environment:create_file_with_runtime_dependencies(/home/frankie/ros2_ws/install/nav2_wfd/share/colcon-core/packages/nav2_wfd)
[4.563s] Level 1:colcon.colcon_core.environment:create_environment_scripts_only(aws_robomaker_small_house_world)
[4.564s] Level 1:colcon.colcon_core.environment:checking '/home/frankie/ros2_ws/install/aws_robomaker_small_house_world' for CMake module files
[4.564s] DEBUG:colcon.colcon_core.event_handler.log_command:Invoked command in '/home/frankie/ros2_ws/build/aws_robomaker_small_house_world' returned '0': CMAKE_PREFIX_PATH=${CMAKE_PREFIX_PATH}:/home/frankie/ros2_ws/install/nav2_wfd:/home/frankie/ros2_ws/install/growbot_bringup:/opt/ros/humble /usr/bin/cmake --install /home/frankie/ros2_ws/build/aws_robomaker_small_house_world
[4.565s] Level 1:colcon.colcon_core.environment:checking '/home/frankie/ros2_ws/install/aws_robomaker_small_house_world' for CMake config files
[4.565s] Level 1:colcon.colcon_core.shell:create_environment_hook('aws_robomaker_small_house_world', 'cmake_prefix_path')
[4.565s] INFO:colcon.colcon_core.shell:Creating environment hook '/home/frankie/ros2_ws/install/aws_robomaker_small_house_world/share/aws_robomaker_small_house_world/hook/cmake_prefix_path.ps1'
[4.566s] INFO:colcon.colcon_core.shell:Creating environment descriptor '/home/frankie/ros2_ws/install/aws_robomaker_small_house_world/share/aws_robomaker_small_house_world/hook/cmake_prefix_path.dsv'
[4.566s] INFO:colcon.colcon_core.shell:Creating environment hook '/home/frankie/ros2_ws/install/aws_robomaker_small_house_world/share/aws_robomaker_small_house_world/hook/cmake_prefix_path.sh'
[4.567s] Level 1:colcon.colcon_core.environment:checking '/home/frankie/ros2_ws/install/aws_robomaker_small_house_world/bin'
[4.567s] Level 1:colcon.colcon_core.environment:checking '/home/frankie/ros2_ws/install/aws_robomaker_small_house_world/lib/pkgconfig/aws_robomaker_small_house_world.pc'
[4.567s] Level 1:colcon.colcon_core.environment:checking '/home/frankie/ros2_ws/install/aws_robomaker_small_house_world/lib/python3.10/site-packages'
[4.568s] Level 1:colcon.colcon_core.environment:checking '/home/frankie/ros2_ws/install/aws_robomaker_small_house_world/bin'
[4.568s] INFO:colcon.colcon_core.shell:Creating package script '/home/frankie/ros2_ws/install/aws_robomaker_small_house_world/share/aws_robomaker_small_house_world/package.ps1'
[4.569s] INFO:colcon.colcon_core.shell:Creating package descriptor '/home/frankie/ros2_ws/install/aws_robomaker_small_house_world/share/aws_robomaker_small_house_world/package.dsv'
[4.570s] INFO:colcon.colcon_core.shell:Creating package script '/home/frankie/ros2_ws/install/aws_robomaker_small_house_world/share/aws_robomaker_small_house_world/package.sh'
[4.570s] INFO:colcon.colcon_core.shell:Creating package script '/home/frankie/ros2_ws/install/aws_robomaker_small_house_world/share/aws_robomaker_small_house_world/package.bash'
[4.570s] INFO:colcon.colcon_core.shell:Creating package script '/home/frankie/ros2_ws/install/aws_robomaker_small_house_world/share/aws_robomaker_small_house_world/package.zsh'
[4.571s] Level 1:colcon.colcon_core.environment:create_file_with_runtime_dependencies(/home/frankie/ros2_ws/install/aws_robomaker_small_house_world/share/colcon-core/packages/aws_robomaker_small_house_world)
[4.571s] Level 1:colcon.colcon_core.environment:create_environment_scripts_only(aws_robomaker_small_house_world)
[4.571s] Level 1:colcon.colcon_core.environment:checking '/home/frankie/ros2_ws/install/aws_robomaker_small_house_world' for CMake module files
[4.572s] Level 1:colcon.colcon_core.environment:checking '/home/frankie/ros2_ws/install/aws_robomaker_small_house_world' for CMake config files
[4.572s] Level 1:colcon.colcon_core.shell:create_environment_hook('aws_robomaker_small_house_world', 'cmake_prefix_path')
[4.572s] INFO:colcon.colcon_core.shell:Creating environment hook '/home/frankie/ros2_ws/install/aws_robomaker_small_house_world/share/aws_robomaker_small_house_world/hook/cmake_prefix_path.ps1'
[4.573s] INFO:colcon.colcon_core.shell:Creating environment descriptor '/home/frankie/ros2_ws/install/aws_robomaker_small_house_world/share/aws_robomaker_small_house_world/hook/cmake_prefix_path.dsv'
[4.573s] INFO:colcon.colcon_core.shell:Creating environment hook '/home/frankie/ros2_ws/install/aws_robomaker_small_house_world/share/aws_robomaker_small_house_world/hook/cmake_prefix_path.sh'
[4.574s] Level 1:colcon.colcon_core.environment:checking '/home/frankie/ros2_ws/install/aws_robomaker_small_house_world/bin'
[4.574s] Level 1:colcon.colcon_core.environment:checking '/home/frankie/ros2_ws/install/aws_robomaker_small_house_world/lib/pkgconfig/aws_robomaker_small_house_world.pc'
[4.574s] Level 1:colcon.colcon_core.environment:checking '/home/frankie/ros2_ws/install/aws_robomaker_small_house_world/lib/python3.10/site-packages'
[4.575s] Level 1:colcon.colcon_core.environment:checking '/home/frankie/ros2_ws/install/aws_robomaker_small_house_world/bin'
[4.575s] INFO:colcon.colcon_core.shell:Creating package script '/home/frankie/ros2_ws/install/aws_robomaker_small_house_world/share/aws_robomaker_small_house_world/package.ps1'
[4.576s] INFO:colcon.colcon_core.shell:Creating package descriptor '/home/frankie/ros2_ws/install/aws_robomaker_small_house_world/share/aws_robomaker_small_house_world/package.dsv'
[4.576s] INFO:colcon.colcon_core.shell:Creating package script '/home/frankie/ros2_ws/install/aws_robomaker_small_house_world/share/aws_robomaker_small_house_world/package.sh'
[4.577s] INFO:colcon.colcon_core.shell:Creating package script '/home/frankie/ros2_ws/install/aws_robomaker_small_house_world/share/aws_robomaker_small_house_world/package.bash'
[4.577s] INFO:colcon.colcon_core.shell:Creating package script '/home/frankie/ros2_ws/install/aws_robomaker_small_house_world/share/aws_robomaker_small_house_world/package.zsh'
[4.578s] Level 1:colcon.colcon_core.environment:create_file_with_runtime_dependencies(/home/frankie/ros2_ws/install/aws_robomaker_small_house_world/share/colcon-core/packages/aws_robomaker_small_house_world)
[4.578s] DEBUG:colcon.colcon_parallel_executor.executor.parallel:closing loop
[4.578s] DEBUG:colcon.colcon_parallel_executor.executor.parallel:loop closed
[4.578s] DEBUG:colcon.colcon_parallel_executor.executor.parallel:run_until_complete finished with '0'
[4.579s] DEBUG:colcon.colcon_core.event_reactor:joining thread
[4.586s] INFO:colcon.colcon_core.plugin_system:Skipping extension 'colcon_notification.desktop_notification.terminal_notifier': Not used on non-Darwin systems
[4.587s] INFO:colcon.colcon_core.plugin_system:Skipping extension 'colcon_notification.desktop_notification.win32': Not used on non-Windows systems
[4.587s] INFO:colcon.colcon_notification.desktop_notification:Sending desktop notification using 'notify2'
[4.603s] DEBUG:colcon.colcon_core.event_reactor:joined thread
[4.603s] INFO:colcon.colcon_core.shell:Creating prefix script '/home/frankie/ros2_ws/install/local_setup.ps1'
[4.605s] INFO:colcon.colcon_core.shell:Creating prefix util module '/home/frankie/ros2_ws/install/_local_setup_util_ps1.py'
[4.606s] INFO:colcon.colcon_core.shell:Creating prefix chain script '/home/frankie/ros2_ws/install/setup.ps1'
[4.607s] INFO:colcon.colcon_core.shell:Creating prefix script '/home/frankie/ros2_ws/install/local_setup.sh'
[4.608s] INFO:colcon.colcon_core.shell:Creating prefix util module '/home/frankie/ros2_ws/install/_local_setup_util_sh.py'
[4.609s] INFO:colcon.colcon_core.shell:Creating prefix chain script '/home/frankie/ros2_ws/install/setup.sh'
[4.610s] INFO:colcon.colcon_core.shell:Creating prefix script '/home/frankie/ros2_ws/install/local_setup.bash'
[4.611s] INFO:colcon.colcon_core.shell:Creating prefix chain script '/home/frankie/ros2_ws/install/setup.bash'
[4.613s] INFO:colcon.colcon_core.shell:Creating prefix script '/home/frankie/ros2_ws/install/local_setup.zsh'
[4.613s] INFO:colcon.colcon_core.shell:Creating prefix chain script '/home/frankie/ros2_ws/install/setup.zsh'
