running egg_info
creating ../../build/growbot_bringup/growbot_bringup.egg-info
writing ../../build/growbot_bringup/growbot_bringup.egg-info/PKG-INFO
writing dependency_links to ../../build/growbot_bringup/growbot_bringup.egg-info/dependency_links.txt
writing entry points to ../../build/growbot_bringup/growbot_bringup.egg-info/entry_points.txt
writing requirements to ../../build/growbot_bringup/growbot_bringup.egg-info/requires.txt
writing top-level names to ../../build/growbot_bringup/growbot_bringup.egg-info/top_level.txt
writing manifest file '../../build/growbot_bringup/growbot_bringup.egg-info/SOURCES.txt'
reading manifest file '../../build/growbot_bringup/growbot_bringup.egg-info/SOURCES.txt'
writing manifest file '../../build/growbot_bringup/growbot_bringup.egg-info/SOURCES.txt'
running build
running build_py
creating /home/frankie/ros2_ws/build/growbot_bringup/build
creating /home/frankie/ros2_ws/build/growbot_bringup/build/lib
creating /home/frankie/ros2_ws/build/growbot_bringup/build/lib/growbot_bringup
copying growbot_bringup/random_explorer.py -> /home/frankie/ros2_ws/build/growbot_bringup/build/lib/growbot_bringup
copying growbot_bringup/__init__.py -> /home/frankie/ros2_ws/build/growbot_bringup/build/lib/growbot_bringup
running install
running install_lib
creating /home/frankie/ros2_ws/install/growbot_bringup/lib/python3.10/site-packages/growbot_bringup
copying /home/frankie/ros2_ws/build/growbot_bringup/build/lib/growbot_bringup/random_explorer.py -> /home/frankie/ros2_ws/install/growbot_bringup/lib/python3.10/site-packages/growbot_bringup
copying /home/frankie/ros2_ws/build/growbot_bringup/build/lib/growbot_bringup/__init__.py -> /home/frankie/ros2_ws/install/growbot_bringup/lib/python3.10/site-packages/growbot_bringup
byte-compiling /home/frankie/ros2_ws/install/growbot_bringup/lib/python3.10/site-packages/growbot_bringup/random_explorer.py to random_explorer.cpython-310.pyc
byte-compiling /home/frankie/ros2_ws/install/growbot_bringup/lib/python3.10/site-packages/growbot_bringup/__init__.py to __init__.cpython-310.pyc
running install_data
creating /home/frankie/ros2_ws/install/growbot_bringup/share/ament_index
creating /home/frankie/ros2_ws/install/growbot_bringup/share/ament_index/resource_index
creating /home/frankie/ros2_ws/install/growbot_bringup/share/ament_index/resource_index/packages
copying resource/growbot_bringup -> /home/frankie/ros2_ws/install/growbot_bringup/share/ament_index/resource_index/packages
copying package.xml -> /home/frankie/ros2_ws/install/growbot_bringup/share/growbot_bringup
running install_egg_info
Copying ../../build/growbot_bringup/growbot_bringup.egg-info to /home/frankie/ros2_ws/install/growbot_bringup/lib/python3.10/site-packages/growbot_bringup-0.0.0-py3.10.egg-info
running install_scripts
Installing random_explorer script to /home/frankie/ros2_ws/install/growbot_bringup/lib/growbot_bringup
writing list of installed files to '/home/frankie/ros2_ws/build/growbot_bringup/install.log'
