[0.884s] Invoking command in '/home/frankie/ros2_ws/build/nav2_wfd': PYTHONPATH=/home/frankie/ros2_ws/build/nav2_wfd/prefix_override:/usr/lib/python3/dist-packages/colcon_core/task/python/colcon_distutils_commands:/home/frankie/ros2_ws/install/nav2_wfd/lib/python3.10/site-packages:${PYTHONPATH} /usr/bin/python3 -W ignore:setup.py install is deprecated -W ignore:easy_install command is deprecated setup.py develop --editable --build-directory /home/frankie/ros2_ws/build/nav2_wfd/build --no-deps symlink_data --force
[1.120s] /usr/lib/python3/dist-packages/setuptools/dist.py:723: UserWarning: Usage of dash-separated 'script-dir' will not be supported in future versions. Please use the underscore name 'script_dir' instead
[1.120s]   warnings.warn(
[1.157s] running develop
[1.319s] running egg_info
[1.319s] writing nav2_wfd.egg-info/PKG-INFO
[1.319s] writing dependency_links to nav2_wfd.egg-info/dependency_links.txt
[1.320s] writing entry points to nav2_wfd.egg-info/entry_points.txt
[1.320s] writing requirements to nav2_wfd.egg-info/requires.txt
[1.320s] writing top-level names to nav2_wfd.egg-info/top_level.txt
[1.322s] reading manifest file 'nav2_wfd.egg-info/SOURCES.txt'
[1.323s] writing manifest file 'nav2_wfd.egg-info/SOURCES.txt'
[1.324s] running build_ext
[1.324s] Creating /home/frankie/ros2_ws/install/nav2_wfd/lib/python3.10/site-packages/nav2-wfd.egg-link (link to .)
[1.325s] Installing explore script to /home/frankie/ros2_ws/install/nav2_wfd/lib/nav2_wfd
[1.325s] 
[1.325s] Installed /home/frankie/ros2_ws/build/nav2_wfd
[1.325s] running symlink_data
[1.325s] symbolically linking /home/frankie/ros2_ws/build/nav2_wfd/resource/nav2_wfd -> /home/frankie/ros2_ws/install/nav2_wfd/share/ament_index/resource_index/packages
[1.325s] symbolically linking /home/frankie/ros2_ws/build/nav2_wfd/package.xml -> /home/frankie/ros2_ws/install/nav2_wfd/share/nav2_wfd
[1.377s] Invoked command in '/home/frankie/ros2_ws/build/nav2_wfd' returned '0': PYTHONPATH=/home/frankie/ros2_ws/build/nav2_wfd/prefix_override:/usr/lib/python3/dist-packages/colcon_core/task/python/colcon_distutils_commands:/home/frankie/ros2_ws/install/nav2_wfd/lib/python3.10/site-packages:${PYTHONPATH} /usr/bin/python3 -W ignore:setup.py install is deprecated -W ignore:easy_install command is deprecated setup.py develop --editable --build-directory /home/frankie/ros2_ws/build/nav2_wfd/build --no-deps symlink_data --force
