[1.028s] Invoking command in '/home/frankie/ros2_ws/src/plant_detection': PYTHONPATH=/home/frankie/ros2_ws/build/plant_detection/prefix_override:/usr/lib/python3/dist-packages/colcon_core/task/python/colcon_distutils_commands:/home/frankie/ros2_ws/install/plant_detection/lib/python3.10/site-packages:${PYTHONPATH} /usr/bin/python3 -W ignore:setup.py install is deprecated -W ignore:easy_install command is deprecated setup.py egg_info --egg-base ../../build/plant_detection build --build-base /home/frankie/ros2_ws/build/plant_detection/build install --record /home/frankie/ros2_ws/build/plant_detection/install.log --single-version-externally-managed install_data
[1.212s] running egg_info
[1.212s] writing ../../build/plant_detection/plant_detection.egg-info/PKG-INFO
[1.213s] writing dependency_links to ../../build/plant_detection/plant_detection.egg-info/dependency_links.txt
[1.213s] writing entry points to ../../build/plant_detection/plant_detection.egg-info/entry_points.txt
[1.213s] writing requirements to ../../build/plant_detection/plant_detection.egg-info/requires.txt
[1.213s] writing top-level names to ../../build/plant_detection/plant_detection.egg-info/top_level.txt
[1.214s] reading manifest file '../../build/plant_detection/plant_detection.egg-info/SOURCES.txt'
[1.215s] writing manifest file '../../build/plant_detection/plant_detection.egg-info/SOURCES.txt'
[1.215s] running build
[1.215s] running build_py
[1.215s] copying plant_detection/detector_node.py -> /home/frankie/ros2_ws/build/plant_detection/build/lib/plant_detection
[1.215s] copying plant_detection/__init__.py -> /home/frankie/ros2_ws/build/plant_detection/build/lib/plant_detection
[1.216s] running install
[1.216s] running install_lib
[1.216s] copying /home/frankie/ros2_ws/build/plant_detection/build/lib/plant_detection/detector_node.py -> /home/frankie/ros2_ws/install/plant_detection/lib/python3.10/site-packages/plant_detection
[1.216s] copying /home/frankie/ros2_ws/build/plant_detection/build/lib/plant_detection/__init__.py -> /home/frankie/ros2_ws/install/plant_detection/lib/python3.10/site-packages/plant_detection
[1.217s] byte-compiling /home/frankie/ros2_ws/install/plant_detection/lib/python3.10/site-packages/plant_detection/detector_node.py to detector_node.cpython-310.pyc
[1.218s] byte-compiling /home/frankie/ros2_ws/install/plant_detection/lib/python3.10/site-packages/plant_detection/__init__.py to __init__.cpython-310.pyc
[1.218s] running install_data
[1.218s] running install_egg_info
[1.220s] removing '/home/frankie/ros2_ws/install/plant_detection/lib/python3.10/site-packages/plant_detection-0.0.0-py3.10.egg-info' (and everything under it)
[1.220s] Copying ../../build/plant_detection/plant_detection.egg-info to /home/frankie/ros2_ws/install/plant_detection/lib/python3.10/site-packages/plant_detection-0.0.0-py3.10.egg-info
[1.221s] running install_scripts
[1.238s] Installing detector script to /home/frankie/ros2_ws/install/plant_detection/lib/plant_detection
[1.238s] writing list of installed files to '/home/frankie/ros2_ws/build/plant_detection/install.log'
[1.284s] Invoked command in '/home/frankie/ros2_ws/src/plant_detection' returned '0': PYTHONPATH=/home/frankie/ros2_ws/build/plant_detection/prefix_override:/usr/lib/python3/dist-packages/colcon_core/task/python/colcon_distutils_commands:/home/frankie/ros2_ws/install/plant_detection/lib/python3.10/site-packages:${PYTHONPATH} /usr/bin/python3 -W ignore:setup.py install is deprecated -W ignore:easy_install command is deprecated setup.py egg_info --egg-base ../../build/plant_detection build --build-base /home/frankie/ros2_ws/build/plant_detection/build install --record /home/frankie/ros2_ws/build/plant_detection/install.log --single-version-externally-managed install_data
