[0.998s] Invoking command in '/home/frankie/growbot-workspace/src/plant_detection': PYTHONPATH=/home/frankie/growbot-workspace/build/plant_detection/prefix_override:/usr/lib/python3/dist-packages/colcon_core/task/python/colcon_distutils_commands:/home/frankie/growbot-workspace/install/plant_detection/lib/python3.10/site-packages:${PYTHONPATH} /usr/bin/python3 -W ignore:setup.py install is deprecated -W ignore:easy_install command is deprecated setup.py egg_info --egg-base ../../build/plant_detection build --build-base /home/frankie/growbot-workspace/build/plant_detection/build install --record /home/frankie/growbot-workspace/build/plant_detection/install.log --single-version-externally-managed install_data
[1.175s] running egg_info
[1.176s] writing ../../build/plant_detection/plant_detection.egg-info/PKG-INFO
[1.176s] writing dependency_links to ../../build/plant_detection/plant_detection.egg-info/dependency_links.txt
[1.176s] writing entry points to ../../build/plant_detection/plant_detection.egg-info/entry_points.txt
[1.176s] writing requirements to ../../build/plant_detection/plant_detection.egg-info/requires.txt
[1.176s] writing top-level names to ../../build/plant_detection/plant_detection.egg-info/top_level.txt
[1.178s] reading manifest file '../../build/plant_detection/plant_detection.egg-info/SOURCES.txt'
[1.178s] writing manifest file '../../build/plant_detection/plant_detection.egg-info/SOURCES.txt'
[1.178s] running build
[1.179s] running build_py
[1.179s] copying plant_detection/detector_node.py -> /home/frankie/growbot-workspace/build/plant_detection/build/lib/plant_detection
[1.179s] running install
[1.179s] running install_lib
[1.180s] copying /home/frankie/growbot-workspace/build/plant_detection/build/lib/plant_detection/detector_node.py -> /home/frankie/growbot-workspace/install/plant_detection/lib/python3.10/site-packages/plant_detection
[1.180s] byte-compiling /home/frankie/growbot-workspace/install/plant_detection/lib/python3.10/site-packages/plant_detection/detector_node.py to detector_node.cpython-310.pyc
[1.181s] running install_data
[1.181s] running install_egg_info
[1.182s] removing '/home/frankie/growbot-workspace/install/plant_detection/lib/python3.10/site-packages/plant_detection-0.0.0-py3.10.egg-info' (and everything under it)
[1.182s] Copying ../../build/plant_detection/plant_detection.egg-info to /home/frankie/growbot-workspace/install/plant_detection/lib/python3.10/site-packages/plant_detection-0.0.0-py3.10.egg-info
[1.183s] running install_scripts
[1.199s] Installing detector script to /home/frankie/growbot-workspace/install/plant_detection/lib/plant_detection
[1.200s] writing list of installed files to '/home/frankie/growbot-workspace/build/plant_detection/install.log'
[1.248s] Invoked command in '/home/frankie/growbot-workspace/src/plant_detection' returned '0': PYTHONPATH=/home/frankie/growbot-workspace/build/plant_detection/prefix_override:/usr/lib/python3/dist-packages/colcon_core/task/python/colcon_distutils_commands:/home/frankie/growbot-workspace/install/plant_detection/lib/python3.10/site-packages:${PYTHONPATH} /usr/bin/python3 -W ignore:setup.py install is deprecated -W ignore:easy_install command is deprecated setup.py egg_info --egg-base ../../build/plant_detection build --build-base /home/frankie/growbot-workspace/build/plant_detection/build install --record /home/frankie/growbot-workspace/build/plant_detection/install.log --single-version-externally-managed install_data
