[0.071s] DEBUG:colcon:Command line arguments: ['/usr/bin/colcon', 'build']
[0.071s] DEBUG:colcon:Parsed command line arguments: Namespace(log_base=None, log_level=None, verb_name='build', build_base='build', install_base='install', merge_install=False, symlink_install=False, test_result_base=None, continue_on_error=False, executor='parallel', parallel_workers=8, event_handlers=None, ignore_user_meta=False, metas=['./colcon.meta'], base_paths=['.'], packages_ignore=None, packages_ignore_regex=None, paths=None, packages_up_to=None, packages_up_to_regex=None, packages_above=None, packages_above_and_dependencies=None, packages_above_depth=None, packages_select_by_dep=None, packages_skip_by_dep=None, packages_skip_up_to=None, packages_select_build_failed=False, packages_skip_build_finished=False, packages_select_test_failures=False, packages_skip_test_passed=False, packages_select=None, packages_skip=None, packages_select_regex=None, packages_skip_regex=None, packages_start=None, packages_end=None, allow_overriding=[], cmake_args=None, cmake_target=None, cmake_target_skip_unavailable=False, cmake_clean_cache=False, cmake_clean_first=False, cmake_force_configure=False, ament_cmake_args=None, catkin_cmake_args=None, catkin_skip_building_tests=False, verb_parser=<colcon_defaults.argument_parser.defaults.DefaultArgumentsDecorator object at 0x7f9185bdbe80>, verb_extension=<colcon_core.verb.build.BuildVerb object at 0x7f9185bdba00>, main=<bound method BuildVerb.main of <colcon_core.verb.build.BuildVerb object at 0x7f9185bdba00>>)
[0.249s] Level 1:colcon.colcon_core.package_discovery:discover_packages(colcon_meta) check parameters
[0.249s] Level 1:colcon.colcon_core.package_discovery:discover_packages(recursive) check parameters
[0.249s] Level 1:colcon.colcon_core.package_discovery:discover_packages(ignore) check parameters
[0.249s] Level 1:colcon.colcon_core.package_discovery:discover_packages(path) check parameters
[0.249s] Level 1:colcon.colcon_core.package_discovery:discover_packages(colcon_meta) discover
[0.249s] Level 1:colcon.colcon_core.package_discovery:discover_packages(recursive) discover
[0.249s] INFO:colcon.colcon_core.package_discovery:Crawling recursively for packages in '/home/frankie/ros2_ws'
[0.249s] Level 1:colcon.colcon_core.package_identification:_identify(.) by extensions ['ignore', 'ignore_ament_install']
[0.250s] Level 1:colcon.colcon_core.package_identification:_identify(.) by extension 'ignore'
[0.250s] Level 1:colcon.colcon_core.package_identification:_identify(.) by extension 'ignore_ament_install'
[0.250s] Level 1:colcon.colcon_core.package_identification:_identify(.) by extensions ['colcon_pkg']
[0.250s] Level 1:colcon.colcon_core.package_identification:_identify(.) by extension 'colcon_pkg'
[0.250s] Level 1:colcon.colcon_core.package_identification:_identify(.) by extensions ['colcon_meta']
[0.250s] Level 1:colcon.colcon_core.package_identification:_identify(.) by extension 'colcon_meta'
[0.250s] Level 1:colcon.colcon_core.package_identification:_identify(.) by extensions ['ros']
[0.250s] Level 1:colcon.colcon_core.package_identification:_identify(.) by extension 'ros'
[0.258s] Level 1:colcon.colcon_core.package_identification:_identify(.) by extensions ['cmake', 'python']
[0.258s] Level 1:colcon.colcon_core.package_identification:_identify(.) by extension 'cmake'
[0.258s] Level 1:colcon.colcon_core.package_identification:_identify(.) by extension 'python'
[0.258s] Level 1:colcon.colcon_core.package_identification:_identify(.) by extensions ['python_setup_py']
[0.258s] Level 1:colcon.colcon_core.package_identification:_identify(.) by extension 'python_setup_py'
[0.258s] Level 1:colcon.colcon_core.package_identification:_identify(build) by extensions ['ignore', 'ignore_ament_install']
[0.258s] Level 1:colcon.colcon_core.package_identification:_identify(build) by extension 'ignore'
[0.258s] Level 1:colcon.colcon_core.package_identification:_identify(build) ignored
[0.258s] Level 1:colcon.colcon_core.package_identification:_identify(install) by extensions ['ignore', 'ignore_ament_install']
[0.258s] Level 1:colcon.colcon_core.package_identification:_identify(install) by extension 'ignore'
[0.258s] Level 1:colcon.colcon_core.package_identification:_identify(install) ignored
[0.258s] Level 1:colcon.colcon_core.package_identification:_identify(log) by extensions ['ignore', 'ignore_ament_install']
[0.258s] Level 1:colcon.colcon_core.package_identification:_identify(log) by extension 'ignore'
[0.258s] Level 1:colcon.colcon_core.package_identification:_identify(log) ignored
[0.258s] Level 1:colcon.colcon_core.package_identification:_identify(src) by extensions ['ignore', 'ignore_ament_install']
[0.258s] Level 1:colcon.colcon_core.package_identification:_identify(src) by extension 'ignore'
[0.258s] Level 1:colcon.colcon_core.package_identification:_identify(src) by extension 'ignore_ament_install'
[0.258s] Level 1:colcon.colcon_core.package_identification:_identify(src) by extensions ['colcon_pkg']
[0.258s] Level 1:colcon.colcon_core.package_identification:_identify(src) by extension 'colcon_pkg'
[0.259s] Level 1:colcon.colcon_core.package_identification:_identify(src) by extensions ['colcon_meta']
[0.259s] Level 1:colcon.colcon_core.package_identification:_identify(src) by extension 'colcon_meta'
[0.259s] Level 1:colcon.colcon_core.package_identification:_identify(src) by extensions ['ros']
[0.259s] Level 1:colcon.colcon_core.package_identification:_identify(src) by extension 'ros'
[0.259s] Level 1:colcon.colcon_core.package_identification:_identify(src) by extensions ['cmake', 'python']
[0.259s] Level 1:colcon.colcon_core.package_identification:_identify(src) by extension 'cmake'
[0.259s] Level 1:colcon.colcon_core.package_identification:_identify(src) by extension 'python'
[0.259s] Level 1:colcon.colcon_core.package_identification:_identify(src) by extensions ['python_setup_py']
[0.259s] Level 1:colcon.colcon_core.package_identification:_identify(src) by extension 'python_setup_py'
[0.259s] Level 1:colcon.colcon_core.package_identification:_identify(src/aws-robomaker-small-house-world) by extensions ['ignore', 'ignore_ament_install']
[0.259s] Level 1:colcon.colcon_core.package_identification:_identify(src/aws-robomaker-small-house-world) by extension 'ignore'
[0.259s] Level 1:colcon.colcon_core.package_identification:_identify(src/aws-robomaker-small-house-world) by extension 'ignore_ament_install'
[0.259s] Level 1:colcon.colcon_core.package_identification:_identify(src/aws-robomaker-small-house-world) by extensions ['colcon_pkg']
[0.259s] Level 1:colcon.colcon_core.package_identification:_identify(src/aws-robomaker-small-house-world) by extension 'colcon_pkg'
[0.259s] Level 1:colcon.colcon_core.package_identification:_identify(src/aws-robomaker-small-house-world) by extensions ['colcon_meta']
[0.259s] Level 1:colcon.colcon_core.package_identification:_identify(src/aws-robomaker-small-house-world) by extension 'colcon_meta'
[0.259s] Level 1:colcon.colcon_core.package_identification:_identify(src/aws-robomaker-small-house-world) by extensions ['ros']
[0.259s] Level 1:colcon.colcon_core.package_identification:_identify(src/aws-robomaker-small-house-world) by extension 'ros'
[0.261s] DEBUG:colcon.colcon_core.package_identification:Package 'src/aws-robomaker-small-house-world' with type 'ros.ament_cmake' and name 'aws_robomaker_small_house_world'
[0.261s] Level 1:colcon.colcon_core.package_discovery:discover_packages(recursive) using defaults
[0.261s] Level 1:colcon.colcon_core.package_discovery:discover_packages(ignore) discover
[0.261s] Level 1:colcon.colcon_core.package_discovery:discover_packages(ignore) using defaults
[0.261s] Level 1:colcon.colcon_core.package_discovery:discover_packages(path) discover
[0.261s] Level 1:colcon.colcon_core.package_discovery:discover_packages(path) using defaults
[0.276s] Level 1:colcon.colcon_core.package_discovery:discover_packages(prefix_path) check parameters
[0.276s] Level 1:colcon.colcon_core.package_discovery:discover_packages(prefix_path) discover
[0.279s] DEBUG:colcon.colcon_installed_package_information.package_discovery:Found 440 installed packages in /opt/ros/humble
[0.289s] Level 1:colcon.colcon_core.package_discovery:discover_packages(prefix_path) using defaults
[0.324s] Level 5:colcon.colcon_core.verb:set package 'aws_robomaker_small_house_world' build argument 'cmake_args' from command line to 'None'
[0.324s] Level 5:colcon.colcon_core.verb:set package 'aws_robomaker_small_house_world' build argument 'cmake_target' from command line to 'None'
[0.324s] Level 5:colcon.colcon_core.verb:set package 'aws_robomaker_small_house_world' build argument 'cmake_target_skip_unavailable' from command line to 'False'
[0.325s] Level 5:colcon.colcon_core.verb:set package 'aws_robomaker_small_house_world' build argument 'cmake_clean_cache' from command line to 'False'
[0.325s] Level 5:colcon.colcon_core.verb:set package 'aws_robomaker_small_house_world' build argument 'cmake_clean_first' from command line to 'False'
[0.325s] Level 5:colcon.colcon_core.verb:set package 'aws_robomaker_small_house_world' build argument 'cmake_force_configure' from command line to 'False'
[0.325s] Level 5:colcon.colcon_core.verb:set package 'aws_robomaker_small_house_world' build argument 'ament_cmake_args' from command line to 'None'
[0.325s] Level 5:colcon.colcon_core.verb:set package 'aws_robomaker_small_house_world' build argument 'catkin_cmake_args' from command line to 'None'
[0.325s] Level 5:colcon.colcon_core.verb:set package 'aws_robomaker_small_house_world' build argument 'catkin_skip_building_tests' from command line to 'False'
[0.325s] DEBUG:colcon.colcon_core.verb:Building package 'aws_robomaker_small_house_world' with the following arguments: {'ament_cmake_args': None, 'build_base': '/home/frankie/ros2_ws/build/aws_robomaker_small_house_world', 'catkin_cmake_args': None, 'catkin_skip_building_tests': False, 'cmake_args': None, 'cmake_clean_cache': False, 'cmake_clean_first': False, 'cmake_force_configure': False, 'cmake_target': None, 'cmake_target_skip_unavailable': False, 'install_base': '/home/frankie/ros2_ws/install/aws_robomaker_small_house_world', 'merge_install': False, 'path': '/home/frankie/ros2_ws/src/aws-robomaker-small-house-world', 'symlink_install': False, 'test_result_base': None}
[0.325s] INFO:colcon.colcon_core.executor:Executing jobs using 'parallel' executor
[0.326s] DEBUG:colcon.colcon_parallel_executor.executor.parallel:run_until_complete
[0.326s] INFO:colcon.colcon_ros.task.ament_cmake.build:Building ROS package in '/home/frankie/ros2_ws/src/aws-robomaker-small-house-world' with build type 'ament_cmake'
[0.326s] INFO:colcon.colcon_cmake.task.cmake.build:Building CMake package in '/home/frankie/ros2_ws/src/aws-robomaker-small-house-world'
[0.328s] INFO:colcon.colcon_core.plugin_system:Skipping extension 'colcon_core.shell.bat': Not used on non-Windows systems
[0.328s] INFO:colcon.colcon_core.shell:Skip shell extension 'powershell' for command environment: Not usable outside of PowerShell
[0.328s] DEBUG:colcon.colcon_core.shell:Skip shell extension 'dsv' for command environment
[0.335s] DEBUG:colcon.colcon_core.event_handler.log_command:Invoking command in '/home/frankie/ros2_ws/build/aws_robomaker_small_house_world': CMAKE_PREFIX_PATH=/opt/ros/humble /usr/bin/cmake /home/frankie/ros2_ws/src/aws-robomaker-small-house-world -DCMAKE_INSTALL_PREFIX=/home/frankie/ros2_ws/install/aws_robomaker_small_house_world
[0.947s] DEBUG:colcon.colcon_core.event_handler.log_command:Invoked command in '/home/frankie/ros2_ws/build/aws_robomaker_small_house_world' returned '0': CMAKE_PREFIX_PATH=/opt/ros/humble /usr/bin/cmake /home/frankie/ros2_ws/src/aws-robomaker-small-house-world -DCMAKE_INSTALL_PREFIX=/home/frankie/ros2_ws/install/aws_robomaker_small_house_world
[0.949s] DEBUG:colcon.colcon_core.event_handler.log_command:Invoking command in '/home/frankie/ros2_ws/build/aws_robomaker_small_house_world': CMAKE_PREFIX_PATH=/opt/ros/humble /usr/bin/cmake --build /home/frankie/ros2_ws/build/aws_robomaker_small_house_world -- -j8 -l8
[0.980s] DEBUG:colcon.colcon_core.event_handler.log_command:Invoked command in '/home/frankie/ros2_ws/build/aws_robomaker_small_house_world' returned '0': CMAKE_PREFIX_PATH=/opt/ros/humble /usr/bin/cmake --build /home/frankie/ros2_ws/build/aws_robomaker_small_house_world -- -j8 -l8
[0.988s] DEBUG:colcon.colcon_core.event_handler.log_command:Invoking command in '/home/frankie/ros2_ws/build/aws_robomaker_small_house_world': CMAKE_PREFIX_PATH=/opt/ros/humble /usr/bin/cmake --install /home/frankie/ros2_ws/build/aws_robomaker_small_house_world
[1.105s] Level 1:colcon.colcon_core.environment:create_environment_scripts_only(aws_robomaker_small_house_world)
[1.105s] DEBUG:colcon.colcon_core.event_handler.log_command:Invoked command in '/home/frankie/ros2_ws/build/aws_robomaker_small_house_world' returned '0': CMAKE_PREFIX_PATH=/opt/ros/humble /usr/bin/cmake --install /home/frankie/ros2_ws/build/aws_robomaker_small_house_world
[1.107s] Level 1:colcon.colcon_core.environment:checking '/home/frankie/ros2_ws/install/aws_robomaker_small_house_world' for CMake module files
[1.107s] Level 1:colcon.colcon_core.environment:checking '/home/frankie/ros2_ws/install/aws_robomaker_small_house_world' for CMake config files
[1.107s] Level 1:colcon.colcon_core.shell:create_environment_hook('aws_robomaker_small_house_world', 'cmake_prefix_path')
[1.107s] INFO:colcon.colcon_core.shell:Creating environment hook '/home/frankie/ros2_ws/install/aws_robomaker_small_house_world/share/aws_robomaker_small_house_world/hook/cmake_prefix_path.ps1'
[1.108s] INFO:colcon.colcon_core.shell:Creating environment descriptor '/home/frankie/ros2_ws/install/aws_robomaker_small_house_world/share/aws_robomaker_small_house_world/hook/cmake_prefix_path.dsv'
[1.108s] INFO:colcon.colcon_core.shell:Creating environment hook '/home/frankie/ros2_ws/install/aws_robomaker_small_house_world/share/aws_robomaker_small_house_world/hook/cmake_prefix_path.sh'
[1.109s] Level 1:colcon.colcon_core.environment:checking '/home/frankie/ros2_ws/install/aws_robomaker_small_house_world/bin'
[1.109s] Level 1:colcon.colcon_core.environment:checking '/home/frankie/ros2_ws/install/aws_robomaker_small_house_world/lib/pkgconfig/aws_robomaker_small_house_world.pc'
[1.109s] Level 1:colcon.colcon_core.environment:checking '/home/frankie/ros2_ws/install/aws_robomaker_small_house_world/lib/python3.10/site-packages'
[1.109s] Level 1:colcon.colcon_core.environment:checking '/home/frankie/ros2_ws/install/aws_robomaker_small_house_world/bin'
[1.109s] INFO:colcon.colcon_core.shell:Creating package script '/home/frankie/ros2_ws/install/aws_robomaker_small_house_world/share/aws_robomaker_small_house_world/package.ps1'
[1.110s] INFO:colcon.colcon_core.shell:Creating package descriptor '/home/frankie/ros2_ws/install/aws_robomaker_small_house_world/share/aws_robomaker_small_house_world/package.dsv'
[1.111s] INFO:colcon.colcon_core.shell:Creating package script '/home/frankie/ros2_ws/install/aws_robomaker_small_house_world/share/aws_robomaker_small_house_world/package.sh'
[1.111s] INFO:colcon.colcon_core.shell:Creating package script '/home/frankie/ros2_ws/install/aws_robomaker_small_house_world/share/aws_robomaker_small_house_world/package.bash'
[1.112s] INFO:colcon.colcon_core.shell:Creating package script '/home/frankie/ros2_ws/install/aws_robomaker_small_house_world/share/aws_robomaker_small_house_world/package.zsh'
[1.112s] Level 1:colcon.colcon_core.environment:create_file_with_runtime_dependencies(/home/frankie/ros2_ws/install/aws_robomaker_small_house_world/share/colcon-core/packages/aws_robomaker_small_house_world)
[1.112s] Level 1:colcon.colcon_core.environment:create_environment_scripts_only(aws_robomaker_small_house_world)
[1.113s] Level 1:colcon.colcon_core.environment:checking '/home/frankie/ros2_ws/install/aws_robomaker_small_house_world' for CMake module files
[1.113s] Level 1:colcon.colcon_core.environment:checking '/home/frankie/ros2_ws/install/aws_robomaker_small_house_world' for CMake config files
[1.113s] Level 1:colcon.colcon_core.shell:create_environment_hook('aws_robomaker_small_house_world', 'cmake_prefix_path')
[1.113s] INFO:colcon.colcon_core.shell:Creating environment hook '/home/frankie/ros2_ws/install/aws_robomaker_small_house_world/share/aws_robomaker_small_house_world/hook/cmake_prefix_path.ps1'
[1.113s] INFO:colcon.colcon_core.shell:Creating environment descriptor '/home/frankie/ros2_ws/install/aws_robomaker_small_house_world/share/aws_robomaker_small_house_world/hook/cmake_prefix_path.dsv'
[1.114s] INFO:colcon.colcon_core.shell:Creating environment hook '/home/frankie/ros2_ws/install/aws_robomaker_small_house_world/share/aws_robomaker_small_house_world/hook/cmake_prefix_path.sh'
[1.114s] Level 1:colcon.colcon_core.environment:checking '/home/frankie/ros2_ws/install/aws_robomaker_small_house_world/bin'
[1.114s] Level 1:colcon.colcon_core.environment:checking '/home/frankie/ros2_ws/install/aws_robomaker_small_house_world/lib/pkgconfig/aws_robomaker_small_house_world.pc'
[1.114s] Level 1:colcon.colcon_core.environment:checking '/home/frankie/ros2_ws/install/aws_robomaker_small_house_world/lib/python3.10/site-packages'
[1.114s] Level 1:colcon.colcon_core.environment:checking '/home/frankie/ros2_ws/install/aws_robomaker_small_house_world/bin'
[1.115s] INFO:colcon.colcon_core.shell:Creating package script '/home/frankie/ros2_ws/install/aws_robomaker_small_house_world/share/aws_robomaker_small_house_world/package.ps1'
[1.115s] INFO:colcon.colcon_core.shell:Creating package descriptor '/home/frankie/ros2_ws/install/aws_robomaker_small_house_world/share/aws_robomaker_small_house_world/package.dsv'
[1.116s] INFO:colcon.colcon_core.shell:Creating package script '/home/frankie/ros2_ws/install/aws_robomaker_small_house_world/share/aws_robomaker_small_house_world/package.sh'
[1.116s] INFO:colcon.colcon_core.shell:Creating package script '/home/frankie/ros2_ws/install/aws_robomaker_small_house_world/share/aws_robomaker_small_house_world/package.bash'
[1.117s] INFO:colcon.colcon_core.shell:Creating package script '/home/frankie/ros2_ws/install/aws_robomaker_small_house_world/share/aws_robomaker_small_house_world/package.zsh'
[1.117s] Level 1:colcon.colcon_core.environment:create_file_with_runtime_dependencies(/home/frankie/ros2_ws/install/aws_robomaker_small_house_world/share/colcon-core/packages/aws_robomaker_small_house_world)
[1.117s] DEBUG:colcon.colcon_parallel_executor.executor.parallel:closing loop
[1.117s] DEBUG:colcon.colcon_parallel_executor.executor.parallel:loop closed
[1.117s] DEBUG:colcon.colcon_parallel_executor.executor.parallel:run_until_complete finished with '0'
[1.117s] DEBUG:colcon.colcon_core.event_reactor:joining thread
[1.121s] INFO:colcon.colcon_core.plugin_system:Skipping extension 'colcon_notification.desktop_notification.terminal_notifier': Not used on non-Darwin systems
[1.121s] INFO:colcon.colcon_core.plugin_system:Skipping extension 'colcon_notification.desktop_notification.win32': Not used on non-Windows systems
[1.121s] INFO:colcon.colcon_notification.desktop_notification:Sending desktop notification using 'notify2'
[1.134s] DEBUG:colcon.colcon_core.event_reactor:joined thread
[1.134s] INFO:colcon.colcon_core.shell:Creating prefix script '/home/frankie/ros2_ws/install/local_setup.ps1'
[1.136s] INFO:colcon.colcon_core.shell:Creating prefix util module '/home/frankie/ros2_ws/install/_local_setup_util_ps1.py'
[1.138s] INFO:colcon.colcon_core.shell:Creating prefix chain script '/home/frankie/ros2_ws/install/setup.ps1'
[1.140s] INFO:colcon.colcon_core.shell:Creating prefix script '/home/frankie/ros2_ws/install/local_setup.sh'
[1.141s] INFO:colcon.colcon_core.shell:Creating prefix util module '/home/frankie/ros2_ws/install/_local_setup_util_sh.py'
[1.141s] INFO:colcon.colcon_core.shell:Creating prefix chain script '/home/frankie/ros2_ws/install/setup.sh'
[1.142s] INFO:colcon.colcon_core.shell:Creating prefix script '/home/frankie/ros2_ws/install/local_setup.bash'
[1.143s] INFO:colcon.colcon_core.shell:Creating prefix chain script '/home/frankie/ros2_ws/install/setup.bash'
[1.144s] INFO:colcon.colcon_core.shell:Creating prefix script '/home/frankie/ros2_ws/install/local_setup.zsh'
[1.145s] INFO:colcon.colcon_core.shell:Creating prefix chain script '/home/frankie/ros2_ws/install/setup.zsh'
