[0.113s] DEBUG:colcon:Command line arguments: ['/usr/bin/colcon', 'build']
[0.113s] DEBUG:colcon:Parsed command line arguments: Namespace(log_base=None, log_level=None, verb_name='build', build_base='build', install_base='install', merge_install=False, symlink_install=False, test_result_base=None, continue_on_error=False, executor='parallel', parallel_workers=8, event_handlers=None, ignore_user_meta=False, metas=['./colcon.meta'], base_paths=['.'], packages_ignore=None, packages_ignore_regex=None, paths=None, packages_up_to=None, packages_up_to_regex=None, packages_above=None, packages_above_and_dependencies=None, packages_above_depth=None, packages_select_by_dep=None, packages_skip_by_dep=None, packages_skip_up_to=None, packages_select_build_failed=False, packages_skip_build_finished=False, packages_select_test_failures=False, packages_skip_test_passed=False, packages_select=None, packages_skip=None, packages_select_regex=None, packages_skip_regex=None, packages_start=None, packages_end=None, allow_overriding=[], cmake_args=None, cmake_target=None, cmake_target_skip_unavailable=False, cmake_clean_cache=False, cmake_clean_first=False, cmake_force_configure=False, ament_cmake_args=None, catkin_cmake_args=None, catkin_skip_building_tests=False, verb_parser=<colcon_defaults.argument_parser.defaults.DefaultArgumentsDecorator object at 0x75b6260591e0>, verb_extension=<colcon_core.verb.build.BuildVerb object at 0x75b626058cd0>, main=<bound method BuildVerb.main of <colcon_core.verb.build.BuildVerb object at 0x75b626058cd0>>)
[0.317s] Level 1:colcon.colcon_core.package_discovery:discover_packages(colcon_meta) check parameters
[0.317s] Level 1:colcon.colcon_core.package_discovery:discover_packages(recursive) check parameters
[0.317s] Level 1:colcon.colcon_core.package_discovery:discover_packages(ignore) check parameters
[0.317s] Level 1:colcon.colcon_core.package_discovery:discover_packages(path) check parameters
[0.317s] Level 1:colcon.colcon_core.package_discovery:discover_packages(colcon_meta) discover
[0.317s] Level 1:colcon.colcon_core.package_discovery:discover_packages(recursive) discover
[0.317s] INFO:colcon.colcon_core.package_discovery:Crawling recursively for packages in '/home/frankie/ros2_ws'
[0.317s] Level 1:colcon.colcon_core.package_identification:_identify(.) by extensions ['ignore', 'ignore_ament_install']
[0.318s] Level 1:colcon.colcon_core.package_identification:_identify(.) by extension 'ignore'
[0.318s] Level 1:colcon.colcon_core.package_identification:_identify(.) by extension 'ignore_ament_install'
[0.318s] Level 1:colcon.colcon_core.package_identification:_identify(.) by extensions ['colcon_pkg']
[0.318s] Level 1:colcon.colcon_core.package_identification:_identify(.) by extension 'colcon_pkg'
[0.318s] Level 1:colcon.colcon_core.package_identification:_identify(.) by extensions ['colcon_meta']
[0.318s] Level 1:colcon.colcon_core.package_identification:_identify(.) by extension 'colcon_meta'
[0.318s] Level 1:colcon.colcon_core.package_identification:_identify(.) by extensions ['ros']
[0.318s] Level 1:colcon.colcon_core.package_identification:_identify(.) by extension 'ros'
[0.325s] Level 1:colcon.colcon_core.package_identification:_identify(.) by extensions ['cmake', 'python']
[0.325s] Level 1:colcon.colcon_core.package_identification:_identify(.) by extension 'cmake'
[0.325s] Level 1:colcon.colcon_core.package_identification:_identify(.) by extension 'python'
[0.325s] Level 1:colcon.colcon_core.package_identification:_identify(.) by extensions ['python_setup_py']
[0.325s] Level 1:colcon.colcon_core.package_identification:_identify(.) by extension 'python_setup_py'
[0.325s] Level 1:colcon.colcon_core.package_identification:_identify(build) by extensions ['ignore', 'ignore_ament_install']
[0.325s] Level 1:colcon.colcon_core.package_identification:_identify(build) by extension 'ignore'
[0.325s] Level 1:colcon.colcon_core.package_identification:_identify(build) ignored
[0.326s] Level 1:colcon.colcon_core.package_identification:_identify(install) by extensions ['ignore', 'ignore_ament_install']
[0.326s] Level 1:colcon.colcon_core.package_identification:_identify(install) by extension 'ignore'
[0.326s] Level 1:colcon.colcon_core.package_identification:_identify(install) ignored
[0.326s] Level 1:colcon.colcon_core.package_identification:_identify(log) by extensions ['ignore', 'ignore_ament_install']
[0.326s] Level 1:colcon.colcon_core.package_identification:_identify(log) by extension 'ignore'
[0.326s] Level 1:colcon.colcon_core.package_identification:_identify(log) ignored
[0.326s] Level 1:colcon.colcon_core.package_identification:_identify(src) by extensions ['ignore', 'ignore_ament_install']
[0.326s] Level 1:colcon.colcon_core.package_identification:_identify(src) by extension 'ignore'
[0.326s] Level 1:colcon.colcon_core.package_identification:_identify(src) by extension 'ignore_ament_install'
[0.326s] Level 1:colcon.colcon_core.package_identification:_identify(src) by extensions ['colcon_pkg']
[0.326s] Level 1:colcon.colcon_core.package_identification:_identify(src) by extension 'colcon_pkg'
[0.326s] Level 1:colcon.colcon_core.package_identification:_identify(src) by extensions ['colcon_meta']
[0.326s] Level 1:colcon.colcon_core.package_identification:_identify(src) by extension 'colcon_meta'
[0.326s] Level 1:colcon.colcon_core.package_identification:_identify(src) by extensions ['ros']
[0.326s] Level 1:colcon.colcon_core.package_identification:_identify(src) by extension 'ros'
[0.326s] Level 1:colcon.colcon_core.package_identification:_identify(src) by extensions ['cmake', 'python']
[0.326s] Level 1:colcon.colcon_core.package_identification:_identify(src) by extension 'cmake'
[0.326s] Level 1:colcon.colcon_core.package_identification:_identify(src) by extension 'python'
[0.326s] Level 1:colcon.colcon_core.package_identification:_identify(src) by extensions ['python_setup_py']
[0.326s] Level 1:colcon.colcon_core.package_identification:_identify(src) by extension 'python_setup_py'
[0.326s] Level 1:colcon.colcon_core.package_identification:_identify(src/aws-robomaker-small-house-world) by extensions ['ignore', 'ignore_ament_install']
[0.326s] Level 1:colcon.colcon_core.package_identification:_identify(src/aws-robomaker-small-house-world) by extension 'ignore'
[0.326s] Level 1:colcon.colcon_core.package_identification:_identify(src/aws-robomaker-small-house-world) by extension 'ignore_ament_install'
[0.326s] Level 1:colcon.colcon_core.package_identification:_identify(src/aws-robomaker-small-house-world) by extensions ['colcon_pkg']
[0.326s] Level 1:colcon.colcon_core.package_identification:_identify(src/aws-robomaker-small-house-world) by extension 'colcon_pkg'
[0.326s] Level 1:colcon.colcon_core.package_identification:_identify(src/aws-robomaker-small-house-world) by extensions ['colcon_meta']
[0.326s] Level 1:colcon.colcon_core.package_identification:_identify(src/aws-robomaker-small-house-world) by extension 'colcon_meta'
[0.326s] Level 1:colcon.colcon_core.package_identification:_identify(src/aws-robomaker-small-house-world) by extensions ['ros']
[0.326s] Level 1:colcon.colcon_core.package_identification:_identify(src/aws-robomaker-small-house-world) by extension 'ros'
[0.328s] DEBUG:colcon.colcon_core.package_identification:Package 'src/aws-robomaker-small-house-world' with type 'ros.ament_cmake' and name 'aws_robomaker_small_house_world'
[0.328s] Level 1:colcon.colcon_core.package_identification:_identify(src/frontier_explorer) by extensions ['ignore', 'ignore_ament_install']
[0.328s] Level 1:colcon.colcon_core.package_identification:_identify(src/frontier_explorer) by extension 'ignore'
[0.328s] Level 1:colcon.colcon_core.package_identification:_identify(src/frontier_explorer) by extension 'ignore_ament_install'
[0.328s] Level 1:colcon.colcon_core.package_identification:_identify(src/frontier_explorer) by extensions ['colcon_pkg']
[0.329s] Level 1:colcon.colcon_core.package_identification:_identify(src/frontier_explorer) by extension 'colcon_pkg'
[0.329s] Level 1:colcon.colcon_core.package_identification:_identify(src/frontier_explorer) by extensions ['colcon_meta']
[0.329s] Level 1:colcon.colcon_core.package_identification:_identify(src/frontier_explorer) by extension 'colcon_meta'
[0.329s] Level 1:colcon.colcon_core.package_identification:_identify(src/frontier_explorer) by extensions ['ros']
[0.329s] Level 1:colcon.colcon_core.package_identification:_identify(src/frontier_explorer) by extension 'ros'
[0.330s] DEBUG:colcon.colcon_core.package_identification:Package 'src/frontier_explorer' with type 'ros.ament_python' and name 'frontier_explorer'
[0.330s] Level 1:colcon.colcon_core.package_identification:_identify(src/growbot_bringup) by extensions ['ignore', 'ignore_ament_install']
[0.330s] Level 1:colcon.colcon_core.package_identification:_identify(src/growbot_bringup) by extension 'ignore'
[0.330s] Level 1:colcon.colcon_core.package_identification:_identify(src/growbot_bringup) by extension 'ignore_ament_install'
[0.330s] Level 1:colcon.colcon_core.package_identification:_identify(src/growbot_bringup) by extensions ['colcon_pkg']
[0.330s] Level 1:colcon.colcon_core.package_identification:_identify(src/growbot_bringup) by extension 'colcon_pkg'
[0.330s] Level 1:colcon.colcon_core.package_identification:_identify(src/growbot_bringup) by extensions ['colcon_meta']
[0.330s] Level 1:colcon.colcon_core.package_identification:_identify(src/growbot_bringup) by extension 'colcon_meta'
[0.330s] Level 1:colcon.colcon_core.package_identification:_identify(src/growbot_bringup) by extensions ['ros']
[0.330s] Level 1:colcon.colcon_core.package_identification:_identify(src/growbot_bringup) by extension 'ros'
[0.330s] DEBUG:colcon.colcon_core.package_identification:Package 'src/growbot_bringup' with type 'ros.ament_python' and name 'growbot_bringup'
[0.330s] Level 1:colcon.colcon_core.package_discovery:discover_packages(recursive) using defaults
[0.330s] Level 1:colcon.colcon_core.package_discovery:discover_packages(ignore) discover
[0.330s] Level 1:colcon.colcon_core.package_discovery:discover_packages(ignore) using defaults
[0.330s] Level 1:colcon.colcon_core.package_discovery:discover_packages(path) discover
[0.330s] Level 1:colcon.colcon_core.package_discovery:discover_packages(path) using defaults
[0.361s] Level 1:colcon.colcon_core.package_discovery:discover_packages(prefix_path) check parameters
[0.361s] Level 1:colcon.colcon_core.package_discovery:discover_packages(prefix_path) discover
[0.364s] DEBUG:colcon.colcon_installed_package_information.package_discovery:Found 3 installed packages in /home/frankie/ros2_ws/install
[0.366s] DEBUG:colcon.colcon_installed_package_information.package_discovery:Found 447 installed packages in /opt/ros/humble
[0.367s] Level 1:colcon.colcon_core.package_discovery:discover_packages(prefix_path) using defaults
[0.404s] Level 5:colcon.colcon_core.verb:set package 'aws_robomaker_small_house_world' build argument 'cmake_args' from command line to 'None'
[0.404s] Level 5:colcon.colcon_core.verb:set package 'aws_robomaker_small_house_world' build argument 'cmake_target' from command line to 'None'
[0.404s] Level 5:colcon.colcon_core.verb:set package 'aws_robomaker_small_house_world' build argument 'cmake_target_skip_unavailable' from command line to 'False'
[0.404s] Level 5:colcon.colcon_core.verb:set package 'aws_robomaker_small_house_world' build argument 'cmake_clean_cache' from command line to 'False'
[0.404s] Level 5:colcon.colcon_core.verb:set package 'aws_robomaker_small_house_world' build argument 'cmake_clean_first' from command line to 'False'
[0.404s] Level 5:colcon.colcon_core.verb:set package 'aws_robomaker_small_house_world' build argument 'cmake_force_configure' from command line to 'False'
[0.404s] Level 5:colcon.colcon_core.verb:set package 'aws_robomaker_small_house_world' build argument 'ament_cmake_args' from command line to 'None'
[0.404s] Level 5:colcon.colcon_core.verb:set package 'aws_robomaker_small_house_world' build argument 'catkin_cmake_args' from command line to 'None'
[0.404s] Level 5:colcon.colcon_core.verb:set package 'aws_robomaker_small_house_world' build argument 'catkin_skip_building_tests' from command line to 'False'
[0.404s] DEBUG:colcon.colcon_core.verb:Building package 'aws_robomaker_small_house_world' with the following arguments: {'ament_cmake_args': None, 'build_base': '/home/frankie/ros2_ws/build/aws_robomaker_small_house_world', 'catkin_cmake_args': None, 'catkin_skip_building_tests': False, 'cmake_args': None, 'cmake_clean_cache': False, 'cmake_clean_first': False, 'cmake_force_configure': False, 'cmake_target': None, 'cmake_target_skip_unavailable': False, 'install_base': '/home/frankie/ros2_ws/install/aws_robomaker_small_house_world', 'merge_install': False, 'path': '/home/frankie/ros2_ws/src/aws-robomaker-small-house-world', 'symlink_install': False, 'test_result_base': None}
[0.404s] Level 5:colcon.colcon_core.verb:set package 'frontier_explorer' build argument 'cmake_args' from command line to 'None'
[0.404s] Level 5:colcon.colcon_core.verb:set package 'frontier_explorer' build argument 'cmake_target' from command line to 'None'
[0.404s] Level 5:colcon.colcon_core.verb:set package 'frontier_explorer' build argument 'cmake_target_skip_unavailable' from command line to 'False'
[0.404s] Level 5:colcon.colcon_core.verb:set package 'frontier_explorer' build argument 'cmake_clean_cache' from command line to 'False'
[0.404s] Level 5:colcon.colcon_core.verb:set package 'frontier_explorer' build argument 'cmake_clean_first' from command line to 'False'
[0.404s] Level 5:colcon.colcon_core.verb:set package 'frontier_explorer' build argument 'cmake_force_configure' from command line to 'False'
[0.404s] Level 5:colcon.colcon_core.verb:set package 'frontier_explorer' build argument 'ament_cmake_args' from command line to 'None'
[0.404s] Level 5:colcon.colcon_core.verb:set package 'frontier_explorer' build argument 'catkin_cmake_args' from command line to 'None'
[0.404s] Level 5:colcon.colcon_core.verb:set package 'frontier_explorer' build argument 'catkin_skip_building_tests' from command line to 'False'
[0.404s] DEBUG:colcon.colcon_core.verb:Building package 'frontier_explorer' with the following arguments: {'ament_cmake_args': None, 'build_base': '/home/frankie/ros2_ws/build/frontier_explorer', 'catkin_cmake_args': None, 'catkin_skip_building_tests': False, 'cmake_args': None, 'cmake_clean_cache': False, 'cmake_clean_first': False, 'cmake_force_configure': False, 'cmake_target': None, 'cmake_target_skip_unavailable': False, 'install_base': '/home/frankie/ros2_ws/install/frontier_explorer', 'merge_install': False, 'path': '/home/frankie/ros2_ws/src/frontier_explorer', 'symlink_install': False, 'test_result_base': None}
[0.405s] Level 5:colcon.colcon_core.verb:set package 'growbot_bringup' build argument 'cmake_args' from command line to 'None'
[0.405s] Level 5:colcon.colcon_core.verb:set package 'growbot_bringup' build argument 'cmake_target' from command line to 'None'
[0.405s] Level 5:colcon.colcon_core.verb:set package 'growbot_bringup' build argument 'cmake_target_skip_unavailable' from command line to 'False'
[0.405s] Level 5:colcon.colcon_core.verb:set package 'growbot_bringup' build argument 'cmake_clean_cache' from command line to 'False'
[0.405s] Level 5:colcon.colcon_core.verb:set package 'growbot_bringup' build argument 'cmake_clean_first' from command line to 'False'
[0.405s] Level 5:colcon.colcon_core.verb:set package 'growbot_bringup' build argument 'cmake_force_configure' from command line to 'False'
[0.405s] Level 5:colcon.colcon_core.verb:set package 'growbot_bringup' build argument 'ament_cmake_args' from command line to 'None'
[0.405s] Level 5:colcon.colcon_core.verb:set package 'growbot_bringup' build argument 'catkin_cmake_args' from command line to 'None'
[0.405s] Level 5:colcon.colcon_core.verb:set package 'growbot_bringup' build argument 'catkin_skip_building_tests' from command line to 'False'
[0.405s] DEBUG:colcon.colcon_core.verb:Building package 'growbot_bringup' with the following arguments: {'ament_cmake_args': None, 'build_base': '/home/frankie/ros2_ws/build/growbot_bringup', 'catkin_cmake_args': None, 'catkin_skip_building_tests': False, 'cmake_args': None, 'cmake_clean_cache': False, 'cmake_clean_first': False, 'cmake_force_configure': False, 'cmake_target': None, 'cmake_target_skip_unavailable': False, 'install_base': '/home/frankie/ros2_ws/install/growbot_bringup', 'merge_install': False, 'path': '/home/frankie/ros2_ws/src/growbot_bringup', 'symlink_install': False, 'test_result_base': None}
[0.405s] INFO:colcon.colcon_core.executor:Executing jobs using 'parallel' executor
[0.406s] DEBUG:colcon.colcon_parallel_executor.executor.parallel:run_until_complete
[0.406s] INFO:colcon.colcon_ros.task.ament_cmake.build:Building ROS package in '/home/frankie/ros2_ws/src/aws-robomaker-small-house-world' with build type 'ament_cmake'
[0.406s] INFO:colcon.colcon_cmake.task.cmake.build:Building CMake package in '/home/frankie/ros2_ws/src/aws-robomaker-small-house-world'
[0.409s] INFO:colcon.colcon_core.plugin_system:Skipping extension 'colcon_core.shell.bat': Not used on non-Windows systems
[0.409s] INFO:colcon.colcon_core.shell:Skip shell extension 'powershell' for command environment: Not usable outside of PowerShell
[0.409s] DEBUG:colcon.colcon_core.shell:Skip shell extension 'dsv' for command environment
[0.412s] INFO:colcon.colcon_ros.task.ament_python.build:Building ROS package in '/home/frankie/ros2_ws/src/frontier_explorer' with build type 'ament_python'
[0.413s] Level 1:colcon.colcon_core.shell:create_environment_hook('frontier_explorer', 'ament_prefix_path')
[0.413s] INFO:colcon.colcon_core.shell:Creating environment hook '/home/frankie/ros2_ws/install/frontier_explorer/share/frontier_explorer/hook/ament_prefix_path.ps1'
[0.413s] INFO:colcon.colcon_core.shell:Creating environment descriptor '/home/frankie/ros2_ws/install/frontier_explorer/share/frontier_explorer/hook/ament_prefix_path.dsv'
[0.414s] INFO:colcon.colcon_core.shell:Creating environment hook '/home/frankie/ros2_ws/install/frontier_explorer/share/frontier_explorer/hook/ament_prefix_path.sh'
[0.415s] INFO:colcon.colcon_core.shell:Skip shell extension 'powershell' for command environment: Not usable outside of PowerShell
[0.415s] DEBUG:colcon.colcon_core.shell:Skip shell extension 'dsv' for command environment
[0.417s] INFO:colcon.colcon_ros.task.ament_python.build:Building ROS package in '/home/frankie/ros2_ws/src/growbot_bringup' with build type 'ament_python'
[0.417s] Level 1:colcon.colcon_core.shell:create_environment_hook('growbot_bringup', 'ament_prefix_path')
[0.417s] INFO:colcon.colcon_core.shell:Creating environment hook '/home/frankie/ros2_ws/install/growbot_bringup/share/growbot_bringup/hook/ament_prefix_path.ps1'
[0.418s] INFO:colcon.colcon_core.shell:Creating environment descriptor '/home/frankie/ros2_ws/install/growbot_bringup/share/growbot_bringup/hook/ament_prefix_path.dsv'
[0.418s] INFO:colcon.colcon_core.shell:Creating environment hook '/home/frankie/ros2_ws/install/growbot_bringup/share/growbot_bringup/hook/ament_prefix_path.sh'
[0.419s] INFO:colcon.colcon_core.shell:Skip shell extension 'powershell' for command environment: Not usable outside of PowerShell
[0.419s] DEBUG:colcon.colcon_core.shell:Skip shell extension 'dsv' for command environment
[0.429s] DEBUG:colcon.colcon_core.event_handler.log_command:Invoking command in '/home/frankie/ros2_ws/build/aws_robomaker_small_house_world': CMAKE_PREFIX_PATH=${CMAKE_PREFIX_PATH}:/home/frankie/ros2_ws/install/growbot_bringup:/home/frankie/ros2_ws/install/frontier_explorer:/opt/ros/humble /usr/bin/cmake --build /home/frankie/ros2_ws/build/aws_robomaker_small_house_world -- -j8 -l8
[0.623s] INFO:colcon.colcon_core.task.python.build:Building Python package in '/home/frankie/ros2_ws/src/frontier_explorer'
[0.623s] INFO:colcon.colcon_core.shell:Skip shell extension 'powershell' for command environment: Not usable outside of PowerShell
[0.623s] DEBUG:colcon.colcon_core.shell:Skip shell extension 'dsv' for command environment
[0.807s] INFO:colcon.colcon_core.task.python.build:Building Python package in '/home/frankie/ros2_ws/src/growbot_bringup'
[0.807s] INFO:colcon.colcon_core.shell:Skip shell extension 'powershell' for command environment: Not usable outside of PowerShell
[0.807s] DEBUG:colcon.colcon_core.shell:Skip shell extension 'dsv' for command environment
[0.811s] DEBUG:colcon.colcon_core.event_handler.log_command:Invoked command in '/home/frankie/ros2_ws/build/aws_robomaker_small_house_world' returned '0': CMAKE_PREFIX_PATH=${CMAKE_PREFIX_PATH}:/home/frankie/ros2_ws/install/growbot_bringup:/home/frankie/ros2_ws/install/frontier_explorer:/opt/ros/humble /usr/bin/cmake --build /home/frankie/ros2_ws/build/aws_robomaker_small_house_world -- -j8 -l8
[0.818s] DEBUG:colcon.colcon_core.event_handler.log_command:Invoking command in '/home/frankie/ros2_ws/build/aws_robomaker_small_house_world': CMAKE_PREFIX_PATH=${CMAKE_PREFIX_PATH}:/home/frankie/ros2_ws/install/growbot_bringup:/home/frankie/ros2_ws/install/frontier_explorer:/opt/ros/humble /usr/bin/cmake --install /home/frankie/ros2_ws/build/aws_robomaker_small_house_world
[0.969s] Level 1:colcon.colcon_core.environment:create_environment_scripts_only(aws_robomaker_small_house_world)
[0.969s] DEBUG:colcon.colcon_core.event_handler.log_command:Invoked command in '/home/frankie/ros2_ws/build/aws_robomaker_small_house_world' returned '0': CMAKE_PREFIX_PATH=${CMAKE_PREFIX_PATH}:/home/frankie/ros2_ws/install/growbot_bringup:/home/frankie/ros2_ws/install/frontier_explorer:/opt/ros/humble /usr/bin/cmake --install /home/frankie/ros2_ws/build/aws_robomaker_small_house_world
[0.975s] Level 1:colcon.colcon_core.environment:checking '/home/frankie/ros2_ws/install/aws_robomaker_small_house_world' for CMake module files
[0.975s] Level 1:colcon.colcon_core.environment:checking '/home/frankie/ros2_ws/install/aws_robomaker_small_house_world' for CMake config files
[0.976s] Level 1:colcon.colcon_core.shell:create_environment_hook('aws_robomaker_small_house_world', 'cmake_prefix_path')
[0.976s] INFO:colcon.colcon_core.shell:Creating environment hook '/home/frankie/ros2_ws/install/aws_robomaker_small_house_world/share/aws_robomaker_small_house_world/hook/cmake_prefix_path.ps1'
[0.976s] INFO:colcon.colcon_core.shell:Creating environment descriptor '/home/frankie/ros2_ws/install/aws_robomaker_small_house_world/share/aws_robomaker_small_house_world/hook/cmake_prefix_path.dsv'
[0.977s] INFO:colcon.colcon_core.shell:Creating environment hook '/home/frankie/ros2_ws/install/aws_robomaker_small_house_world/share/aws_robomaker_small_house_world/hook/cmake_prefix_path.sh'
[0.977s] Level 1:colcon.colcon_core.environment:checking '/home/frankie/ros2_ws/install/aws_robomaker_small_house_world/bin'
[0.977s] Level 1:colcon.colcon_core.environment:checking '/home/frankie/ros2_ws/install/aws_robomaker_small_house_world/lib/pkgconfig/aws_robomaker_small_house_world.pc'
[0.978s] Level 1:colcon.colcon_core.environment:checking '/home/frankie/ros2_ws/install/aws_robomaker_small_house_world/lib/python3.10/site-packages'
[0.978s] Level 1:colcon.colcon_core.environment:checking '/home/frankie/ros2_ws/install/aws_robomaker_small_house_world/bin'
[0.978s] INFO:colcon.colcon_core.shell:Creating package script '/home/frankie/ros2_ws/install/aws_robomaker_small_house_world/share/aws_robomaker_small_house_world/package.ps1'
[0.980s] INFO:colcon.colcon_core.shell:Creating package descriptor '/home/frankie/ros2_ws/install/aws_robomaker_small_house_world/share/aws_robomaker_small_house_world/package.dsv'
[0.981s] INFO:colcon.colcon_core.shell:Creating package script '/home/frankie/ros2_ws/install/aws_robomaker_small_house_world/share/aws_robomaker_small_house_world/package.sh'
[0.982s] INFO:colcon.colcon_core.shell:Creating package script '/home/frankie/ros2_ws/install/aws_robomaker_small_house_world/share/aws_robomaker_small_house_world/package.bash'
[0.983s] INFO:colcon.colcon_core.shell:Creating package script '/home/frankie/ros2_ws/install/aws_robomaker_small_house_world/share/aws_robomaker_small_house_world/package.zsh'
[0.984s] Level 1:colcon.colcon_core.environment:create_file_with_runtime_dependencies(/home/frankie/ros2_ws/install/aws_robomaker_small_house_world/share/colcon-core/packages/aws_robomaker_small_house_world)
[0.985s] Level 1:colcon.colcon_core.environment:create_environment_scripts_only(aws_robomaker_small_house_world)
[0.985s] Level 1:colcon.colcon_core.environment:checking '/home/frankie/ros2_ws/install/aws_robomaker_small_house_world' for CMake module files
[0.986s] Level 1:colcon.colcon_core.environment:checking '/home/frankie/ros2_ws/install/aws_robomaker_small_house_world' for CMake config files
[0.986s] Level 1:colcon.colcon_core.shell:create_environment_hook('aws_robomaker_small_house_world', 'cmake_prefix_path')
[0.986s] INFO:colcon.colcon_core.shell:Creating environment hook '/home/frankie/ros2_ws/install/aws_robomaker_small_house_world/share/aws_robomaker_small_house_world/hook/cmake_prefix_path.ps1'
[0.987s] INFO:colcon.colcon_core.shell:Creating environment descriptor '/home/frankie/ros2_ws/install/aws_robomaker_small_house_world/share/aws_robomaker_small_house_world/hook/cmake_prefix_path.dsv'
[0.987s] INFO:colcon.colcon_core.shell:Creating environment hook '/home/frankie/ros2_ws/install/aws_robomaker_small_house_world/share/aws_robomaker_small_house_world/hook/cmake_prefix_path.sh'
[0.988s] Level 1:colcon.colcon_core.environment:checking '/home/frankie/ros2_ws/install/aws_robomaker_small_house_world/bin'
[0.988s] Level 1:colcon.colcon_core.environment:checking '/home/frankie/ros2_ws/install/aws_robomaker_small_house_world/lib/pkgconfig/aws_robomaker_small_house_world.pc'
[0.988s] Level 1:colcon.colcon_core.environment:checking '/home/frankie/ros2_ws/install/aws_robomaker_small_house_world/lib/python3.10/site-packages'
[0.988s] Level 1:colcon.colcon_core.environment:checking '/home/frankie/ros2_ws/install/aws_robomaker_small_house_world/bin'
[0.989s] INFO:colcon.colcon_core.shell:Creating package script '/home/frankie/ros2_ws/install/aws_robomaker_small_house_world/share/aws_robomaker_small_house_world/package.ps1'
[0.989s] INFO:colcon.colcon_core.shell:Creating package descriptor '/home/frankie/ros2_ws/install/aws_robomaker_small_house_world/share/aws_robomaker_small_house_world/package.dsv'
[0.990s] INFO:colcon.colcon_core.shell:Creating package script '/home/frankie/ros2_ws/install/aws_robomaker_small_house_world/share/aws_robomaker_small_house_world/package.sh'
[0.990s] INFO:colcon.colcon_core.shell:Creating package script '/home/frankie/ros2_ws/install/aws_robomaker_small_house_world/share/aws_robomaker_small_house_world/package.bash'
[0.991s] INFO:colcon.colcon_core.shell:Creating package script '/home/frankie/ros2_ws/install/aws_robomaker_small_house_world/share/aws_robomaker_small_house_world/package.zsh'
[0.991s] Level 1:colcon.colcon_core.environment:create_file_with_runtime_dependencies(/home/frankie/ros2_ws/install/aws_robomaker_small_house_world/share/colcon-core/packages/aws_robomaker_small_house_world)
[1.189s] DEBUG:colcon.colcon_core.event_handler.log_command:Invoking command in '/home/frankie/ros2_ws/src/growbot_bringup': PYTHONPATH=/home/frankie/ros2_ws/build/growbot_bringup/prefix_override:/usr/lib/python3/dist-packages/colcon_core/task/python/colcon_distutils_commands:/home/frankie/ros2_ws/install/growbot_bringup/lib/python3.10/site-packages:${PYTHONPATH} /usr/bin/python3 -W ignore:setup.py install is deprecated -W ignore:easy_install command is deprecated setup.py egg_info --egg-base ../../build/growbot_bringup build --build-base /home/frankie/ros2_ws/build/growbot_bringup/build install --record /home/frankie/ros2_ws/build/growbot_bringup/install.log --single-version-externally-managed install_data
[1.190s] DEBUG:colcon.colcon_core.event_handler.log_command:Invoking command in '/home/frankie/ros2_ws/src/frontier_explorer': PYTHONPATH=/home/frankie/ros2_ws/build/frontier_explorer/prefix_override:/usr/lib/python3/dist-packages/colcon_core/task/python/colcon_distutils_commands:/home/frankie/ros2_ws/install/frontier_explorer/lib/python3.10/site-packages:${PYTHONPATH} /usr/bin/python3 -W ignore:setup.py install is deprecated -W ignore:easy_install command is deprecated setup.py egg_info --egg-base ../../build/frontier_explorer build --build-base /home/frankie/ros2_ws/build/frontier_explorer/build install --record /home/frankie/ros2_ws/build/frontier_explorer/install.log --single-version-externally-managed install_data
[1.407s] Level 1:colcon.colcon_core.environment:checking '/home/frankie/ros2_ws/install/growbot_bringup' for CMake module files
[1.407s] DEBUG:colcon.colcon_core.event_handler.log_command:Invoked command in '/home/frankie/ros2_ws/src/growbot_bringup' returned '0': PYTHONPATH=/home/frankie/ros2_ws/build/growbot_bringup/prefix_override:/usr/lib/python3/dist-packages/colcon_core/task/python/colcon_distutils_commands:/home/frankie/ros2_ws/install/growbot_bringup/lib/python3.10/site-packages:${PYTHONPATH} /usr/bin/python3 -W ignore:setup.py install is deprecated -W ignore:easy_install command is deprecated setup.py egg_info --egg-base ../../build/growbot_bringup build --build-base /home/frankie/ros2_ws/build/growbot_bringup/build install --record /home/frankie/ros2_ws/build/growbot_bringup/install.log --single-version-externally-managed install_data
[1.408s] Level 1:colcon.colcon_core.environment:checking '/home/frankie/ros2_ws/install/growbot_bringup' for CMake config files
[1.408s] Level 1:colcon.colcon_core.environment:checking '/home/frankie/ros2_ws/install/growbot_bringup/lib'
[1.408s] Level 1:colcon.colcon_core.environment:checking '/home/frankie/ros2_ws/install/growbot_bringup/bin'
[1.408s] Level 1:colcon.colcon_core.environment:checking '/home/frankie/ros2_ws/install/growbot_bringup/lib/pkgconfig/growbot_bringup.pc'
[1.408s] Level 1:colcon.colcon_core.environment:checking '/home/frankie/ros2_ws/install/growbot_bringup/lib/python3.10/site-packages'
[1.408s] Level 1:colcon.colcon_core.shell:create_environment_hook('growbot_bringup', 'pythonpath')
[1.409s] INFO:colcon.colcon_core.shell:Creating environment hook '/home/frankie/ros2_ws/install/growbot_bringup/share/growbot_bringup/hook/pythonpath.ps1'
[1.409s] INFO:colcon.colcon_core.shell:Creating environment descriptor '/home/frankie/ros2_ws/install/growbot_bringup/share/growbot_bringup/hook/pythonpath.dsv'
[1.409s] INFO:colcon.colcon_core.shell:Creating environment hook '/home/frankie/ros2_ws/install/growbot_bringup/share/growbot_bringup/hook/pythonpath.sh'
[1.410s] Level 1:colcon.colcon_core.environment:checking '/home/frankie/ros2_ws/install/growbot_bringup/bin'
[1.410s] Level 1:colcon.colcon_core.environment:create_environment_scripts_only(growbot_bringup)
[1.410s] INFO:colcon.colcon_core.shell:Creating package script '/home/frankie/ros2_ws/install/growbot_bringup/share/growbot_bringup/package.ps1'
[1.411s] INFO:colcon.colcon_core.shell:Creating package descriptor '/home/frankie/ros2_ws/install/growbot_bringup/share/growbot_bringup/package.dsv'
[1.411s] INFO:colcon.colcon_core.shell:Creating package script '/home/frankie/ros2_ws/install/growbot_bringup/share/growbot_bringup/package.sh'
[1.411s] INFO:colcon.colcon_core.shell:Creating package script '/home/frankie/ros2_ws/install/growbot_bringup/share/growbot_bringup/package.bash'
[1.411s] INFO:colcon.colcon_core.shell:Creating package script '/home/frankie/ros2_ws/install/growbot_bringup/share/growbot_bringup/package.zsh'
[1.412s] Level 1:colcon.colcon_core.environment:create_file_with_runtime_dependencies(/home/frankie/ros2_ws/install/growbot_bringup/share/colcon-core/packages/growbot_bringup)
[1.412s] Level 1:colcon.colcon_core.environment:checking '/home/frankie/ros2_ws/install/frontier_explorer' for CMake module files
[1.413s] DEBUG:colcon.colcon_core.event_handler.log_command:Invoked command in '/home/frankie/ros2_ws/src/frontier_explorer' returned '0': PYTHONPATH=/home/frankie/ros2_ws/build/frontier_explorer/prefix_override:/usr/lib/python3/dist-packages/colcon_core/task/python/colcon_distutils_commands:/home/frankie/ros2_ws/install/frontier_explorer/lib/python3.10/site-packages:${PYTHONPATH} /usr/bin/python3 -W ignore:setup.py install is deprecated -W ignore:easy_install command is deprecated setup.py egg_info --egg-base ../../build/frontier_explorer build --build-base /home/frankie/ros2_ws/build/frontier_explorer/build install --record /home/frankie/ros2_ws/build/frontier_explorer/install.log --single-version-externally-managed install_data
[1.413s] Level 1:colcon.colcon_core.environment:checking '/home/frankie/ros2_ws/install/frontier_explorer' for CMake config files
[1.413s] Level 1:colcon.colcon_core.environment:checking '/home/frankie/ros2_ws/install/frontier_explorer/lib'
[1.413s] Level 1:colcon.colcon_core.environment:checking '/home/frankie/ros2_ws/install/frontier_explorer/bin'
[1.413s] Level 1:colcon.colcon_core.environment:checking '/home/frankie/ros2_ws/install/frontier_explorer/lib/pkgconfig/frontier_explorer.pc'
[1.414s] Level 1:colcon.colcon_core.environment:checking '/home/frankie/ros2_ws/install/frontier_explorer/lib/python3.10/site-packages'
[1.414s] Level 1:colcon.colcon_core.shell:create_environment_hook('frontier_explorer', 'pythonpath')
[1.414s] INFO:colcon.colcon_core.shell:Creating environment hook '/home/frankie/ros2_ws/install/frontier_explorer/share/frontier_explorer/hook/pythonpath.ps1'
[1.414s] INFO:colcon.colcon_core.shell:Creating environment descriptor '/home/frankie/ros2_ws/install/frontier_explorer/share/frontier_explorer/hook/pythonpath.dsv'
[1.414s] INFO:colcon.colcon_core.shell:Creating environment hook '/home/frankie/ros2_ws/install/frontier_explorer/share/frontier_explorer/hook/pythonpath.sh'
[1.415s] Level 1:colcon.colcon_core.environment:checking '/home/frankie/ros2_ws/install/frontier_explorer/bin'
[1.415s] Level 1:colcon.colcon_core.environment:create_environment_scripts_only(frontier_explorer)
[1.415s] INFO:colcon.colcon_core.shell:Creating package script '/home/frankie/ros2_ws/install/frontier_explorer/share/frontier_explorer/package.ps1'
[1.416s] INFO:colcon.colcon_core.shell:Creating package descriptor '/home/frankie/ros2_ws/install/frontier_explorer/share/frontier_explorer/package.dsv'
[1.416s] INFO:colcon.colcon_core.shell:Creating package script '/home/frankie/ros2_ws/install/frontier_explorer/share/frontier_explorer/package.sh'
[1.416s] INFO:colcon.colcon_core.shell:Creating package script '/home/frankie/ros2_ws/install/frontier_explorer/share/frontier_explorer/package.bash'
[1.416s] INFO:colcon.colcon_core.shell:Creating package script '/home/frankie/ros2_ws/install/frontier_explorer/share/frontier_explorer/package.zsh'
[1.417s] Level 1:colcon.colcon_core.environment:create_file_with_runtime_dependencies(/home/frankie/ros2_ws/install/frontier_explorer/share/colcon-core/packages/frontier_explorer)
[1.417s] DEBUG:colcon.colcon_parallel_executor.executor.parallel:closing loop
[1.417s] DEBUG:colcon.colcon_parallel_executor.executor.parallel:loop closed
[1.417s] DEBUG:colcon.colcon_parallel_executor.executor.parallel:run_until_complete finished with '0'
[1.417s] DEBUG:colcon.colcon_core.event_reactor:joining thread
[1.422s] INFO:colcon.colcon_core.plugin_system:Skipping extension 'colcon_notification.desktop_notification.terminal_notifier': Not used on non-Darwin systems
[1.422s] INFO:colcon.colcon_core.plugin_system:Skipping extension 'colcon_notification.desktop_notification.win32': Not used on non-Windows systems
[1.422s] INFO:colcon.colcon_notification.desktop_notification:Sending desktop notification using 'notify2'
[1.431s] DEBUG:colcon.colcon_core.event_reactor:joined thread
[1.432s] INFO:colcon.colcon_core.shell:Creating prefix script '/home/frankie/ros2_ws/install/local_setup.ps1'
[1.433s] INFO:colcon.colcon_core.shell:Creating prefix util module '/home/frankie/ros2_ws/install/_local_setup_util_ps1.py'
[1.435s] INFO:colcon.colcon_core.shell:Creating prefix chain script '/home/frankie/ros2_ws/install/setup.ps1'
[1.437s] INFO:colcon.colcon_core.shell:Creating prefix script '/home/frankie/ros2_ws/install/local_setup.sh'
[1.437s] INFO:colcon.colcon_core.shell:Creating prefix util module '/home/frankie/ros2_ws/install/_local_setup_util_sh.py'
[1.438s] INFO:colcon.colcon_core.shell:Creating prefix chain script '/home/frankie/ros2_ws/install/setup.sh'
[1.439s] INFO:colcon.colcon_core.shell:Creating prefix script '/home/frankie/ros2_ws/install/local_setup.bash'
[1.439s] INFO:colcon.colcon_core.shell:Creating prefix chain script '/home/frankie/ros2_ws/install/setup.bash'
[1.441s] INFO:colcon.colcon_core.shell:Creating prefix script '/home/frankie/ros2_ws/install/local_setup.zsh'
[1.441s] INFO:colcon.colcon_core.shell:Creating prefix chain script '/home/frankie/ros2_ws/install/setup.zsh'
