[1.873s] Invoking command in '/home/frankie/ros2_ws/src/plant_detection': PYTHONPATH=/home/frankie/ros2_ws/build/plant_detection/prefix_override:/usr/lib/python3/dist-packages/colcon_core/task/python/colcon_distutils_commands:/home/frankie/ros2_ws/install/plant_detection/lib/python3.10/site-packages:${PYTHONPATH} /usr/bin/python3 -W ignore:setup.py install is deprecated -W ignore:easy_install command is deprecated setup.py egg_info --egg-base ../../build/plant_detection build --build-base /home/frankie/ros2_ws/build/plant_detection/build install --record /home/frankie/ros2_ws/build/plant_detection/install.log --single-version-externally-managed install_data
[2.319s] running egg_info
[2.319s] writing ../../build/plant_detection/plant_detection.egg-info/PKG-INFO
[2.320s] writing dependency_links to ../../build/plant_detection/plant_detection.egg-info/dependency_links.txt
[2.320s] writing entry points to ../../build/plant_detection/plant_detection.egg-info/entry_points.txt
[2.320s] writing requirements to ../../build/plant_detection/plant_detection.egg-info/requires.txt
[2.320s] writing top-level names to ../../build/plant_detection/plant_detection.egg-info/top_level.txt
[2.327s] reading manifest file '../../build/plant_detection/plant_detection.egg-info/SOURCES.txt'
[2.329s] writing manifest file '../../build/plant_detection/plant_detection.egg-info/SOURCES.txt'
[2.329s] running build
[2.329s] running build_py
[2.329s] copying plant_detection/__init__.py -> /home/frankie/ros2_ws/build/plant_detection/build/lib/plant_detection
[2.329s] running install
[2.329s] running install_lib
[2.330s] copying /home/frankie/ros2_ws/build/plant_detection/build/lib/plant_detection/__init__.py -> /home/frankie/ros2_ws/install/plant_detection/lib/python3.10/site-packages/plant_detection
[2.331s] byte-compiling /home/frankie/ros2_ws/install/plant_detection/lib/python3.10/site-packages/plant_detection/__init__.py to __init__.cpython-310.pyc
[2.332s] running install_data
[2.332s] running install_egg_info
[2.334s] removing '/home/frankie/ros2_ws/install/plant_detection/lib/python3.10/site-packages/plant_detection-0.0.0-py3.10.egg-info' (and everything under it)
[2.335s] Copying ../../build/plant_detection/plant_detection.egg-info to /home/frankie/ros2_ws/install/plant_detection/lib/python3.10/site-packages/plant_detection-0.0.0-py3.10.egg-info
[2.335s] running install_scripts
[2.370s] Installing detector script to /home/frankie/ros2_ws/install/plant_detection/lib/plant_detection
[2.370s] writing list of installed files to '/home/frankie/ros2_ws/build/plant_detection/install.log'
[2.423s] Invoked command in '/home/frankie/ros2_ws/src/plant_detection' returned '0': PYTHONPATH=/home/frankie/ros2_ws/build/plant_detection/prefix_override:/usr/lib/python3/dist-packages/colcon_core/task/python/colcon_distutils_commands:/home/frankie/ros2_ws/install/plant_detection/lib/python3.10/site-packages:${PYTHONPATH} /usr/bin/python3 -W ignore:setup.py install is deprecated -W ignore:easy_install command is deprecated setup.py egg_info --egg-base ../../build/plant_detection build --build-base /home/frankie/ros2_ws/build/plant_detection/build install --record /home/frankie/ros2_ws/build/plant_detection/install.log --single-version-externally-managed install_data
