[1.848s] Invoking command in '/home/frankie/ros2_ws/src/plant_detection': PYTHONPATH=/home/frankie/ros2_ws/build/plant_detection/prefix_override:/usr/lib/python3/dist-packages/colcon_core/task/python/colcon_distutils_commands:/home/frankie/ros2_ws/install/plant_detection/lib/python3.10/site-packages:${PYTHONPATH} /usr/bin/python3 -W ignore:setup.py install is deprecated -W ignore:easy_install command is deprecated setup.py egg_info --egg-base ../../build/plant_detection build --build-base /home/frankie/ros2_ws/build/plant_detection/build install --record /home/frankie/ros2_ws/build/plant_detection/install.log --single-version-externally-managed install_data
[2.267s] running egg_info
[2.267s] writing ../../build/plant_detection/plant_detection.egg-info/PKG-INFO
[2.268s] writing dependency_links to ../../build/plant_detection/plant_detection.egg-info/dependency_links.txt
[2.268s] writing entry points to ../../build/plant_detection/plant_detection.egg-info/entry_points.txt
[2.268s] writing requirements to ../../build/plant_detection/plant_detection.egg-info/requires.txt
[2.268s] writing top-level names to ../../build/plant_detection/plant_detection.egg-info/top_level.txt
[2.271s] reading manifest file '../../build/plant_detection/plant_detection.egg-info/SOURCES.txt'
[2.274s] writing manifest file '../../build/plant_detection/plant_detection.egg-info/SOURCES.txt'
[2.274s] running build
[2.274s] running build_py
[2.275s] running install
[2.275s] running install_lib
[2.278s] running install_data
[2.279s] running install_egg_info
[2.281s] removing '/home/frankie/ros2_ws/install/plant_detection/lib/python3.10/site-packages/plant_detection-0.0.0-py3.10.egg-info' (and everything under it)
[2.281s] Copying ../../build/plant_detection/plant_detection.egg-info to /home/frankie/ros2_ws/install/plant_detection/lib/python3.10/site-packages/plant_detection-0.0.0-py3.10.egg-info
[2.282s] running install_scripts
[2.316s] Installing detector script to /home/frankie/ros2_ws/install/plant_detection/lib/plant_detection
[2.316s] writing list of installed files to '/home/frankie/ros2_ws/build/plant_detection/install.log'
[2.371s] Invoked command in '/home/frankie/ros2_ws/src/plant_detection' returned '0': PYTHONPATH=/home/frankie/ros2_ws/build/plant_detection/prefix_override:/usr/lib/python3/dist-packages/colcon_core/task/python/colcon_distutils_commands:/home/frankie/ros2_ws/install/plant_detection/lib/python3.10/site-packages:${PYTHONPATH} /usr/bin/python3 -W ignore:setup.py install is deprecated -W ignore:easy_install command is deprecated setup.py egg_info --egg-base ../../build/plant_detection build --build-base /home/frankie/ros2_ws/build/plant_detection/build install --record /home/frankie/ros2_ws/build/plant_detection/install.log --single-version-externally-managed install_data
