[0.754s] Invoking command in '/home/frankie/ros2_ws/build/growbot_bringup': PYTHONPATH=/home/frankie/ros2_ws/build/growbot_bringup/prefix_override:/usr/lib/python3/dist-packages/colcon_core/task/python/colcon_distutils_commands:/home/frankie/ros2_ws/install/growbot_bringup/lib/python3.10/site-packages:${PYTHONPATH} /usr/bin/python3 -W ignore:setup.py install is deprecated -W ignore:easy_install command is deprecated setup.py develop --editable --build-directory /home/frankie/ros2_ws/build/growbot_bringup/build --no-deps symlink_data --force
[0.939s] running develop
[1.052s] running egg_info
[1.052s] writing growbot_bringup.egg-info/PKG-INFO
[1.057s] writing dependency_links to growbot_bringup.egg-info/dependency_links.txt
[1.058s] writing entry points to growbot_bringup.egg-info/entry_points.txt
[1.058s] writing requirements to growbot_bringup.egg-info/requires.txt
[1.058s] writing top-level names to growbot_bringup.egg-info/top_level.txt
[1.059s] reading manifest file 'growbot_bringup.egg-info/SOURCES.txt'
[1.060s] writing manifest file 'growbot_bringup.egg-info/SOURCES.txt'
[1.061s] running build_ext
[1.061s] Creating /home/frankie/ros2_ws/install/growbot_bringup/lib/python3.10/site-packages/growbot-bringup.egg-link (link to .)
[1.061s] Installing random_explorer script to /home/frankie/ros2_ws/install/growbot_bringup/lib/growbot_bringup
[1.062s] 
[1.062s] Installed /home/frankie/ros2_ws/build/growbot_bringup
[1.062s] running symlink_data
[1.062s] symbolically linking /home/frankie/ros2_ws/build/growbot_bringup/resource/growbot_bringup -> /home/frankie/ros2_ws/install/growbot_bringup/share/ament_index/resource_index/packages
[1.062s] symbolically linking /home/frankie/ros2_ws/build/growbot_bringup/package.xml -> /home/frankie/ros2_ws/install/growbot_bringup/share/growbot_bringup
[1.062s] symbolically linking /home/frankie/ros2_ws/build/growbot_bringup/growbot_bringup/launch/auto_explore.launch.py -> /home/frankie/ros2_ws/install/growbot_bringup/share/growbot_bringup/launch
[1.091s] Invoked command in '/home/frankie/ros2_ws/build/growbot_bringup' returned '0': PYTHONPATH=/home/frankie/ros2_ws/build/growbot_bringup/prefix_override:/usr/lib/python3/dist-packages/colcon_core/task/python/colcon_distutils_commands:/home/frankie/ros2_ws/install/growbot_bringup/lib/python3.10/site-packages:${PYTHONPATH} /usr/bin/python3 -W ignore:setup.py install is deprecated -W ignore:easy_install command is deprecated setup.py develop --editable --build-directory /home/frankie/ros2_ws/build/growbot_bringup/build --no-deps symlink_data --force
