[0.968s] Invoking command in '/home/frankie/ros2_ws/build/frontier_explorer': PYTHONPATH=/home/frankie/ros2_ws/build/frontier_explorer/prefix_override:/usr/lib/python3/dist-packages/colcon_core/task/python/colcon_distutils_commands:/home/frankie/ros2_ws/install/frontier_explorer/lib/python3.10/site-packages:${PYTHONPATH} /usr/bin/python3 -W ignore:setup.py install is deprecated -W ignore:easy_install command is deprecated setup.py develop --editable --build-directory /home/frankie/ros2_ws/build/frontier_explorer/build --no-deps symlink_data
[1.220s] running develop
[1.356s] running egg_info
[1.356s] creating frontier_explorer.egg-info
[1.356s] writing frontier_explorer.egg-info/PKG-INFO
[1.356s] writing dependency_links to frontier_explorer.egg-info/dependency_links.txt
[1.356s] writing entry points to frontier_explorer.egg-info/entry_points.txt
[1.356s] writing requirements to frontier_explorer.egg-info/requires.txt
[1.356s] writing top-level names to frontier_explorer.egg-info/top_level.txt
[1.357s] writing manifest file 'frontier_explorer.egg-info/SOURCES.txt'
[1.358s] reading manifest file 'frontier_explorer.egg-info/SOURCES.txt'
[1.359s] writing manifest file 'frontier_explorer.egg-info/SOURCES.txt'
[1.360s] running build_ext
[1.360s] Creating /home/frankie/ros2_ws/install/frontier_explorer/lib/python3.10/site-packages/frontier-explorer.egg-link (link to .)
[1.361s] Installing frontier_explorer script to /home/frankie/ros2_ws/install/frontier_explorer/lib/frontier_explorer
[1.361s] 
[1.361s] Installed /home/frankie/ros2_ws/build/frontier_explorer
[1.361s] running symlink_data
[1.361s] creating /home/frankie/ros2_ws/install/frontier_explorer/share/ament_index
[1.362s] creating /home/frankie/ros2_ws/install/frontier_explorer/share/ament_index/resource_index
[1.362s] creating /home/frankie/ros2_ws/install/frontier_explorer/share/ament_index/resource_index/packages
[1.362s] symbolically linking /home/frankie/ros2_ws/build/frontier_explorer/resource/frontier_explorer -> /home/frankie/ros2_ws/install/frontier_explorer/share/ament_index/resource_index/packages
[1.362s] symbolically linking /home/frankie/ros2_ws/build/frontier_explorer/package.xml -> /home/frankie/ros2_ws/install/frontier_explorer/share/frontier_explorer
[1.400s] Invoked command in '/home/frankie/ros2_ws/build/frontier_explorer' returned '0': PYTHONPATH=/home/frankie/ros2_ws/build/frontier_explorer/prefix_override:/usr/lib/python3/dist-packages/colcon_core/task/python/colcon_distutils_commands:/home/frankie/ros2_ws/install/frontier_explorer/lib/python3.10/site-packages:${PYTHONPATH} /usr/bin/python3 -W ignore:setup.py install is deprecated -W ignore:easy_install command is deprecated setup.py develop --editable --build-directory /home/frankie/ros2_ws/build/frontier_explorer/build --no-deps symlink_data
